<html>
<body>
<pre>
<h1>礦ision Build Log</h1>
<h2>Tool Versions:</h2>
IDE-Version: μVision V5.39.0.0
Copyright (C) 2023 ARM Ltd and ARM Germany GmbH. All rights reserved.
License Information: L lwqxbq@qq.com, L, LIC=UJWP0-BZNC0-JJV6S-L98QW-DLA23-HACM8
 
Tool Versions:
Toolchain:       MDK-ARM Plus  Version: 5.39.0.0
Toolchain Path:  D:\Keil_v5\ARM\ARMCC\Bin
C Compiler:      Armcc.exe V5.06 update 5 (build 528)
Assembler:       Armasm.exe V5.06 update 5 (build 528)
Linker/Locator:  ArmLink.exe V5.06 update 5 (build 528)
Library Manager: ArmAr.exe V5.06 update 5 (build 528)
Hex Converter:   FromElf.exe V5.06 update 5 (build 528)
CPU DLL:         SARMCM3.DLL V5.39.0.0
Dialog DLL:      DCM.DLL V1.17.5.0
Target DLL:      STLink\ST-LINKIII-KEIL_SWO.dll V3.2.0.0
Dialog DLL:      TCM.DLL V1.56.4.0
 
<h2>Project:</h2>
D:\Users\lwqxb\Desktop\立项自动循迹小车\Project.uvprojx
Project File Date:  03/29/2026

<h2>Output:</h2>
*** Using Compiler 'V5.06 update 5 (build 528)', folder: 'D:\Keil_v5\ARM\ARMCC\Bin'
Build target 'Target 1'
compiling PID.c...
compiling main.c...
.\Hardware\Motor.h(6): warning:  #1295-D: Deprecated declaration Motor_Init - give arg types
  void Motor_Init();
User\headfile.h(14): warning:  #1-D: last line of file ends without a newline
  #include "quaternion.h"
User\main.c(34): warning:  #188-D: enumerated type mixed with another type
                      current_menu = result;  // 鍒囨崲鍒板瓙鑿滃崟
User\main.c(41): warning:  #188-D: enumerated type mixed with another type
                      current_menu = result;  // 鍒囨崲鍒板瓙鑿滃崟
User\main.c(48): warning:  #188-D: enumerated type mixed with another type
                      current_menu = result;  // 鍒囨崲鍒板瓙鑿滃崟
User\main.c(55): warning:  #188-D: enumerated type mixed with another type
                      current_menu = result;  // 鍒囨崲鍒板瓙鑿滃崟
User\main.c: 6 warnings, 0 errors
compiling menu.c...
.\Hardware\Motor.h(6): warning:  #1295-D: Deprecated declaration Motor_Init - give arg types
  void Motor_Init();
.\User\headfile.h(14): warning:  #1-D: last line of file ends without a newline
  #include "quaternion.h"
System\menu.c(207): warning:  #940-D: missing return statement at end of non-void function "menu_TASK2" 
  }
System\menu.c(212): warning:  #940-D: missing return statement at end of non-void function "menu_TASK3" 
  }
System\menu.c: 4 warnings, 0 errors
linking...
Program Size: Code=8100 RO-data=2644 RW-data=60 ZI-data=2748  
".\Objects\Project.axf" - 0 Error(s), 10 Warning(s).

<h2>Software Packages used:</h2>

Package Vendor: Keil
                http://www.keil.com/pack/Keil.STM32F1xx_DFP.2.2.0.pack
                Keil::STM32F1xx_DFP@2.2.0
                STMicroelectronics STM32F1 Series Device Support, Drivers and Examples

<h2>Collection of Component include folders:</h2>
  D:/Keil_v5/ARM/PACK/Keil/STM32F1xx_DFP/2.2.0/Device/Include

<h2>Collection of Component Files used:</h2>
Build Time Elapsed:  00:00:01
</pre>
</body>
</html>
