Component: ARM Compiler 5.06 update 5 (build 528) Tool: armlink [4d35e2]

==============================================================================

Section Cross References

    startup_stm32f10x_md.o(STACK) refers (Special) to heapauxi.o(.text) for __use_two_region_memory
    startup_stm32f10x_md.o(HEAP) refers (Special) to heapauxi.o(.text) for __use_two_region_memory
    startup_stm32f10x_md.o(RESET) refers (Special) to heapauxi.o(.text) for __use_two_region_memory
    startup_stm32f10x_md.o(RESET) refers to startup_stm32f10x_md.o(STACK) for __initial_sp
    startup_stm32f10x_md.o(RESET) refers to startup_stm32f10x_md.o(.text) for Reset_Handler
    startup_stm32f10x_md.o(RESET) refers to stm32f10x_it.o(i.NMI_Handler) for NMI_Handler
    startup_stm32f10x_md.o(RESET) refers to stm32f10x_it.o(i.HardFault_Handler) for HardFault_Handler
    startup_stm32f10x_md.o(RESET) refers to stm32f10x_it.o(i.MemManage_Handler) for MemManage_Handler
    startup_stm32f10x_md.o(RESET) refers to stm32f10x_it.o(i.BusFault_Handler) for BusFault_Handler
    startup_stm32f10x_md.o(RESET) refers to stm32f10x_it.o(i.UsageFault_Handler) for UsageFault_Handler
    startup_stm32f10x_md.o(RESET) refers to stm32f10x_it.o(i.SVC_Handler) for SVC_Handler
    startup_stm32f10x_md.o(RESET) refers to stm32f10x_it.o(i.DebugMon_Handler) for DebugMon_Handler
    startup_stm32f10x_md.o(RESET) refers to stm32f10x_it.o(i.PendSV_Handler) for PendSV_Handler
    startup_stm32f10x_md.o(RESET) refers to stm32f10x_it.o(i.SysTick_Handler) for SysTick_Handler
    startup_stm32f10x_md.o(RESET) refers to main.o(i.TIM1_UP_IRQHandler) for TIM1_UP_IRQHandler
    startup_stm32f10x_md.o(.text) refers (Special) to heapauxi.o(.text) for __use_two_region_memory
    startup_stm32f10x_md.o(.text) refers to system_stm32f10x.o(i.SystemInit) for SystemInit
    startup_stm32f10x_md.o(.text) refers to __main.o(!!!main) for __main
    startup_stm32f10x_md.o(.text) refers to startup_stm32f10x_md.o(HEAP) for Heap_Mem
    startup_stm32f10x_md.o(.text) refers to startup_stm32f10x_md.o(STACK) for Stack_Mem
    system_stm32f10x.o(i.SetSysClock) refers to system_stm32f10x.o(i.SetSysClockTo72) for SetSysClockTo72
    system_stm32f10x.o(i.SystemCoreClockUpdate) refers to system_stm32f10x.o(.data) for SystemCoreClock
    system_stm32f10x.o(i.SystemInit) refers to system_stm32f10x.o(i.SetSysClock) for SetSysClock
    stm32f10x_adc.o(i.ADC_DeInit) refers to stm32f10x_rcc.o(i.RCC_APB2PeriphResetCmd) for RCC_APB2PeriphResetCmd
    stm32f10x_bkp.o(i.BKP_DeInit) refers to stm32f10x_rcc.o(i.RCC_BackupResetCmd) for RCC_BackupResetCmd
    stm32f10x_can.o(i.CAN_DeInit) refers to stm32f10x_rcc.o(i.RCC_APB1PeriphResetCmd) for RCC_APB1PeriphResetCmd
    stm32f10x_can.o(i.CAN_GetITStatus) refers to stm32f10x_can.o(i.CheckITStatus) for CheckITStatus
    stm32f10x_cec.o(i.CEC_DeInit) refers to stm32f10x_rcc.o(i.RCC_APB1PeriphResetCmd) for RCC_APB1PeriphResetCmd
    stm32f10x_dac.o(i.DAC_DeInit) refers to stm32f10x_rcc.o(i.RCC_APB1PeriphResetCmd) for RCC_APB1PeriphResetCmd
    stm32f10x_flash.o(i.FLASH_EnableWriteProtection) refers to stm32f10x_flash.o(i.FLASH_WaitForLastOperation) for FLASH_WaitForLastOperation
    stm32f10x_flash.o(i.FLASH_EraseAllBank1Pages) refers to stm32f10x_flash.o(i.FLASH_WaitForLastBank1Operation) for FLASH_WaitForLastBank1Operation
    stm32f10x_flash.o(i.FLASH_EraseAllPages) refers to stm32f10x_flash.o(i.FLASH_WaitForLastOperation) for FLASH_WaitForLastOperation
    stm32f10x_flash.o(i.FLASH_EraseOptionBytes) refers to stm32f10x_flash.o(i.FLASH_GetReadOutProtectionStatus) for FLASH_GetReadOutProtectionStatus
    stm32f10x_flash.o(i.FLASH_EraseOptionBytes) refers to stm32f10x_flash.o(i.FLASH_WaitForLastOperation) for FLASH_WaitForLastOperation
    stm32f10x_flash.o(i.FLASH_ErasePage) refers to stm32f10x_flash.o(i.FLASH_WaitForLastOperation) for FLASH_WaitForLastOperation
    stm32f10x_flash.o(i.FLASH_ProgramHalfWord) refers to stm32f10x_flash.o(i.FLASH_WaitForLastOperation) for FLASH_WaitForLastOperation
    stm32f10x_flash.o(i.FLASH_ProgramOptionByteData) refers to stm32f10x_flash.o(i.FLASH_WaitForLastOperation) for FLASH_WaitForLastOperation
    stm32f10x_flash.o(i.FLASH_ProgramWord) refers to stm32f10x_flash.o(i.FLASH_WaitForLastOperation) for FLASH_WaitForLastOperation
    stm32f10x_flash.o(i.FLASH_ReadOutProtection) refers to stm32f10x_flash.o(i.FLASH_WaitForLastOperation) for FLASH_WaitForLastOperation
    stm32f10x_flash.o(i.FLASH_UserOptionByteConfig) refers to stm32f10x_flash.o(i.FLASH_WaitForLastOperation) for FLASH_WaitForLastOperation
    stm32f10x_flash.o(i.FLASH_WaitForLastBank1Operation) refers to stm32f10x_flash.o(i.FLASH_GetBank1Status) for FLASH_GetBank1Status
    stm32f10x_flash.o(i.FLASH_WaitForLastOperation) refers to stm32f10x_flash.o(i.FLASH_GetBank1Status) for FLASH_GetBank1Status
    stm32f10x_gpio.o(i.GPIO_AFIODeInit) refers to stm32f10x_rcc.o(i.RCC_APB2PeriphResetCmd) for RCC_APB2PeriphResetCmd
[...]
    ../mathlib/cosf.c                        0x00000000   Number         0  cosf.o ABSOLUTE
    ../mathlib/cosf.c                        0x00000000   Number         0  cosf_x.o ABSOLUTE
    ../mathlib/dunder.c                      0x00000000   Number         0  dunder.o ABSOLUTE
    ../mathlib/fpclassify.c                  0x00000000   Number         0  fpclassify.o ABSOLUTE
    ../mathlib/fpclassifyf.c                 0x00000000   Number         0  fpclassifyf.o ABSOLUTE
    ../mathlib/funder.c                      0x00000000   Number         0  funder.o ABSOLUTE
    ../mathlib/poly.c                        0x00000000   Number         0  poly.o ABSOLUTE
    ../mathlib/qnan.c                        0x00000000   Number         0  qnan.o ABSOLUTE
    ../mathlib/rredf.c                       0x00000000   Number         0  rredf.o ABSOLUTE
    ../mathlib/sinf.c                        0x00000000   Number         0  sinf_x.o ABSOLUTE
    ../mathlib/sinf.c                        0x00000000   Number         0  sinf.o ABSOLUTE
    ../mathlib/sqrtf.c                       0x00000000   Number         0  sqrtf_x.o ABSOLUTE
    ../mathlib/sqrtf.c                       0x00000000   Number         0  sqrtf.o ABSOLUTE
    Hardware\Buzzer.c                        0x00000000   Number         0  buzzer.o ABSOLUTE
    Hardware\Encoder.c                       0x00000000   Number         0  encoder.o ABSOLUTE
    Hardware\Key.c                           0x00000000   Number         0  key.o ABSOLUTE
    Hardware\LED.c                           0x00000000   Number         0  led.o ABSOLUTE
    Hardware\MPU6050.c                       0x00000000   Number         0  mpu6050.o ABSOLUTE
    Hardware\Motor.c                         0x00000000   Number         0  motor.o ABSOLUTE
    Hardware\MyI2C.c                         0x00000000   Number         0  myi2c.o ABSOLUTE
    Hardware\OLED.c                          0x00000000   Number         0  oled.o ABSOLUTE
    Hardware\OLED_Data.c                     0x00000000   Number         0  oled_data.o ABSOLUTE
    Hardware\PWM.c                           0x00000000   Number         0  pwm.o ABSOLUTE
    Hardware\infrared.c                      0x00000000   Number         0  infrared.o ABSOLUTE
    Library\misc.c                           0x00000000   Number         0  misc.o ABSOLUTE
    Library\stm32f10x_adc.c                  0x00000000   Number         0  stm32f10x_adc.o ABSOLUTE
    Library\stm32f10x_bkp.c                  0x00000000   Number         0  stm32f10x_bkp.o ABSOLUTE
    Library\stm32f10x_can.c                  0x00000000   Number         0  stm32f10x_can.o ABSOLUTE
    Library\stm32f10x_cec.c                  0x00000000   Number         0  stm32f10x_cec.o ABSOLUTE
    Library\stm32f10x_crc.c                  0x00000000   Number         0  stm32f10x_crc.o ABSOLUTE
    Library\stm32f10x_dac.c                  0x00000000   Number         0  stm32f10x_dac.o ABSOLUTE
    Library\stm32f10x_dbgmcu.c               0x00000000   Number         0  stm32f10x_dbgmcu.o ABSOLUTE
    Library\stm32f10x_dma.c                  0x00000000   Number         0  stm32f10x_dma.o ABSOLUTE
    Library\stm32f10x_exti.c                 0x00000000   Number         0  stm32f10x_exti.o ABSOLUTE
    Library\stm32f10x_flash.c                0x00000000   Number         0  stm32f10x_flash.o ABSOLUTE
    Library\stm32f10x_fsmc.c                 0x00000000   Number         0  stm32f10x_fsmc.o ABSOLUTE
    Library\stm32f10x_gpio.c                 0x00000000   Number         0  stm32f10x_gpio.o ABSOLUTE
    Library\stm32f10x_i2c.c                  0x00000000   Number         0  stm32f10x_i2c.o ABSOLUTE
    Library\stm32f10x_iwdg.c                 0x00000000   Number         0  stm32f10x_iwdg.o ABSOLUTE
    Library\stm32f10x_pwr.c                  0x00000000   Number         0  stm32f10x_pwr.o ABSOLUTE
    Library\stm32f10x_rcc.c                  0x00000000   Number         0  stm32f10x_rcc.o ABSOLUTE
    Library\stm32f10x_rtc.c                  0x00000000   Number         0  stm32f10x_rtc.o ABSOLUTE
    Library\stm32f10x_sdio.c                 0x00000000   Number         0  stm32f10x_sdio.o ABSOLUTE
    Library\stm32f10x_spi.c                  0x00000000   Number         0  stm32f10x_spi.o ABSOLUTE
    Library\stm32f10x_tim.c                  0x00000000   Number         0  stm32f10x_tim.o ABSOLUTE
    Library\stm32f10x_usart.c                0x00000000   Number         0  stm32f10x_usart.o ABSOLUTE
    Library\stm32f10x_wwdg.c                 0x00000000   Number         0  stm32f10x_wwdg.o ABSOLUTE
    Start\\core_cm3.c                        0x00000000   Number         0  core_cm3.o ABSOLUTE
    Start\core_cm3.c                         0x00000000   Number         0  core_cm3.o ABSOLUTE
    Start\startup_stm32f10x_md.s             0x00000000   Number         0  startup_stm32f10x_md.o ABSOLUTE
    Start\system_stm32f10x.c                 0x00000000   Number         0  system_stm32f10x.o ABSOLUTE
    System\Delay.c                           0x00000000   Number         0  delay.o ABSOLUTE
    System\PID.c                             0x00000000   Number         0  pid.o ABSOLUTE
    System\Timer.c                           0x00000000   Number         0  timer.o ABSOLUTE
    System\imu.c                             0x00000000   Number         0  imu.o ABSOLUTE
    System\menu.c                            0x00000000   Number         0  menu.o ABSOLUTE
    User\main.c                              0x00000000   Number         0  main.o ABSOLUTE
    User\stm32f10x_it.c                      0x00000000   Number         0  stm32f10x_it.o ABSOLUTE
    dc.s                                     0x00000000   Number         0  dc.o ABSOLUTE
    RESET                                    0x08000000   Section      236  startup_stm32f10x_md.o(RESET)
    !!!main                                  0x080000ec   Section        8  __main.o(!!!main)
    !!!scatter                               0x080000f4   Section       52  __scatter.o(!!!scatter)
    !!handler_copy                           0x08000128   Section       26  __scatter_copy.o(!!handler_copy)
    !!handler_zi                             0x08000144   Section       28  __scatter_zi.o(!!handler_zi)
    .ARM.Collect$$libinit$$00000000          0x08000160   Section        2  libinit.o(.ARM.Collect$$libinit$$00000000)
    .ARM.Collect$$libinit$$00000002          0x08000162   Section        0  libinit2.o(.ARM.Collect$$libinit$$00000002)
    .ARM.Collect$$libinit$$00000004          0x08000162   Section        0  libinit2.o(.ARM.Collect$$libinit$$00000004)
    .ARM.Collect$$libinit$$0000000A          0x08000162   Section        0  libinit2.o(.ARM.Collect$$libinit$$0000000A)
    .ARM.Collect$$libinit$$0000000C          0x08000162   Section        0  libinit2.o(.ARM.Collect$$libinit$$0000000C)
    .ARM.Collect$$libinit$$0000000E          0x08000162   Section        0  libinit2.o(.ARM.Collect$$libinit$$0000000E)
    .ARM.Collect$$libinit$$00000011          0x08000162   Section        0  libinit2.o(.ARM.Collect$$libinit$$00000011)
    .ARM.Collect$$libinit$$00000013          0x08000162   Section        0  libinit2.o(.ARM.Collect$$libinit$$00000013)
    .ARM.Collect$$libinit$$00000015          0x08000162   Section        0  libinit2.o(.ARM.Collect$$libinit$$00000015)
    .ARM.Collect$$libinit$$00000017          0x08000162   Section        0  libinit2.o(.ARM.Collect$$libinit$$00000017)
    .ARM.Collect$$libinit$$00000019          0x08000162   Section        0  libinit2.o(.ARM.Collect$$libinit$$00000019)
    .ARM.Collect$$libinit$$0000001B          0x08000162   Section        0  libinit2.o(.ARM.Collect$$libinit$$0000001B)
    .ARM.Collect$$libinit$$0000001D          0x08000162   Section        0  libinit2.o(.ARM.Collect$$libinit$$0000001D)
    .ARM.Collect$$libinit$$0000001F          0x08000162   Section        0  libinit2.o(.ARM.Collect$$libinit$$0000001F)
    .ARM.Collect$$libinit$$00000021          0x08000162   Section        0  libinit2.o(.ARM.Collect$$libinit$$00000021)
    .ARM.Collect$$libinit$$00000023          0x08000162   Section        0  libinit2.o(.ARM.Collect$$libinit$$00000023)
    .ARM.Collect$$libinit$$00000025          0x08000162   Section        0  libinit2.o(.ARM.Collect$$libinit$$00000025)
    .ARM.Collect$$libinit$$0000002C          0x08000162   Section        0  libinit2.o(.ARM.Collect$$libinit$$0000002C)
    .ARM.Collect$$libinit$$0000002E          0x08000162   Section        0  libinit2.o(.ARM.Collect$$libinit$$0000002E)
    .ARM.Collect$$libinit$$00000030          0x08000162   Section        0  libinit2.o(.ARM.Collect$$libinit$$00000030)
    .ARM.Collect$$libinit$$00000032          0x08000162   Section        0  libinit2.o(.ARM.Collect$$libinit$$00000032)
    .ARM.Collect$$libinit$$00000033          0x08000162   Section        2  libinit2.o(.ARM.Collect$$libinit$$00000033)
    .ARM.Collect$$libshutdown$$00000000      0x08000164   Section        2  libshutdown.o(.ARM.Collect$$libshutdown$$00000000)
    .ARM.Collect$$libshutdown$$00000002      0x08000166   Section        0  libshutdown2.o(.ARM.Collect$$libshutdown$$00000002)
    .ARM.Collect$$libshutdown$$00000004      0x08000166   Section        0  libshutdown2.o(.ARM.Collect$$libshutdown$$00000004)
    .ARM.Collect$$libshutdown$$00000007      0x08000166   Section        0  libshutdown2.o(.ARM.Collect$$libshutdown$$00000007)
    .ARM.Collect$$libshutdown$$0000000A      0x08000166   Section        0  libshutdown2.o(.ARM.Collect$$libshutdown$$0000000A)
    .ARM.Collect$$libshutdown$$0000000C      0x08000166   Section        0  libshutdown2.o(.ARM.Collect$$libshutdown$$0000000C)
    .ARM.Collect$$libshutdown$$0000000F      0x08000166   Section        0  libshutdown2.o(.ARM.Collect$$libshutdown$$0000000F)
    .ARM.Collect$$libshutdown$$00000010      0x08000166   Section        2  libshutdown2.o(.ARM.Collect$$libshutdown$$00000010)
    .ARM.Collect$$rtentry$$00000000          0x08000168   Section        0  __rtentry.o(.ARM.Collect$$rtentry$$00000000)
    .ARM.Collect$$rtentry$$00000002          0x08000168   Section        0  __rtentry2.o(.ARM.Collect$$rtentry$$00000002)
    .ARM.Collect$$rtentry$$00000004          0x08000168   Section        6  __rtentry4.o(.ARM.Collect$$rtentry$$00000004)
    .ARM.Collect$$rtentry$$00000009          0x0800016e   Section        0  __rtentry2.o(.ARM.Collect$$rtentry$$00000009)
    .ARM.Collect$$rtentry$$0000000A          0x0800016e   Section        4  __rtentry2.o(.ARM.Collect$$rtentry$$0000000A)
    .ARM.Collect$$rtentry$$0000000C          0x08000172   Section        0  __rtentry2.o(.ARM.Collect$$rtentry$$0000000C)
    .ARM.Collect$$rtentry$$0000000D          0x08000172   Section        8  __rtentry2.o(.ARM.Collect$$rtentry$$0000000D)
    .ARM.Collect$$rtexit$$00000000           0x0800017a   Section        2  rtexit.o(.ARM.Collect$$rtexit$$00000000)
    .ARM.Collect$$rtexit$$00000002           0x0800017c   Section        0  rtexit2.o(.ARM.Collect$$rtexit$$00000002)
    .ARM.Collect$$rtexit$$00000003           0x0800017c   Section        4  rtexit2.o(.ARM.Collect$$rtexit$$00000003)
    .ARM.Collect$$rtexit$$00000004           0x08000180   Section        6  rtexit2.o(.ARM.Collect$$rtexit$$00000004)
    .text                                    0x08000188   Section       64  startup_stm32f10x_md.o(.text)
    .text                                    0x080001c8   Section        0  heapauxi.o(.text)
    .text                                    0x080001d0   Section        8  libspace.o(.text)
    .text                                    0x080001d8   Section       74  sys_stackheap_outer.o(.text)
    .text                                    0x08000222   Section        0  exit.o(.text)
    .text                                    0x08000234   Section        0  sys_exit.o(.text)
    .text                                    0x08000240   Section        2  use_no_semi.o(.text)
    .text                                    0x08000242   Section        0  indicate_semi.o(.text)
    i.BusFault_Handler                       0x08000242   Section        0  stm32f10x_it.o(i.BusFault_Handler)
    i.Buzzer_Init                            0x08000248   Section        0  buzzer.o(i.Buzzer_Init)
    i.DebugMon_Handler                       0x0800027c   Section        0  stm32f10x_it.o(i.DebugMon_Handler)
    i.Encoder1_Init                          0x08000280   Section        0  encoder.o(i.Encoder1_Init)
    i.Encoder2_Init                          0x0800032c   Section        0  encoder.o(i.Encoder2_Init)
    i.GPIO_Init                              0x080003d8   Section        0  stm32f10x_gpio.o(i.GPIO_Init)
    i.GPIO_ReadInputDataBit                  0x080004ee   Section        0  stm32f10x_gpio.o(i.GPIO_ReadInputDataBit)
    i.GPIO_SetBits                           0x08000500   Section        0  stm32f10x_gpio.o(i.GPIO_SetBits)
    i.GPIO_WriteBit                          0x08000504   Section        0  stm32f10x_gpio.o(i.GPIO_WriteBit)
    i.HardFault_Handler                      0x0800050e   Section        0  stm32f10x_it.o(i.HardFault_Handler)
    i.ICM_AHRSupdate                         0x08000514   Section        0  imu.o(i.ICM_AHRSupdate)
    i.ICM_getEulerianAngles                  0x080008ec   Section        0  imu.o(i.ICM_getEulerianAngles)
    i.ICM_getValues                          0x08000aa0   Section        0  imu.o(i.ICM_getValues)
    i.Infrared_Init                          0x08000ccc   Section        0  infrared.o(i.Infrared_Init)
    i.Key_Check                              0x08000d0c   Section        0  key.o(i.Key_Check)
    i.Key_GetState                           0x08000d30   Section        0  key.o(i.Key_GetState)
    i.Key_Init                               0x08000d88   Section        0  key.o(i.Key_Init)
    i.Key_Tick                               0x08000dd8   Section        0  key.o(i.Key_Tick)
    i.MPU6050_GetData                        0x08001088   Section        0  mpu6050.o(i.MPU6050_GetData)
    i.MPU6050_Init                           0x08001134   Section        0  mpu6050.o(i.MPU6050_Init)
    i.MPU6050_ReadReg                        0x0800116c   Section        0  mpu6050.o(i.MPU6050_ReadReg)
    i.MPU6050_WriteReg                       0x080011aa   Section        0  mpu6050.o(i.MPU6050_WriteReg)
    i.MemManage_Handler                      0x080011d8   Section        0  stm32f10x_it.o(i.MemManage_Handler)
    i.Motor_Init                             0x080011dc   Section        0  motor.o(i.Motor_Init)
    i.MyI2C_Init                             0x08001230   Section        0  myi2c.o(i.MyI2C_Init)
    i.MyI2C_R_SDA                            0x08001268   Section        0  myi2c.o(i.MyI2C_R_SDA)
    i.MyI2C_ReceiveAck                       0x08001280   Section        0  myi2c.o(i.MyI2C_ReceiveAck)
    i.MyI2C_ReceiveByte                      0x0800129e   Section        0  myi2c.o(i.MyI2C_ReceiveByte)
    i.MyI2C_SendAck                          0x080012d0   Section        0  myi2c.o(i.MyI2C_SendAck)
    i.MyI2C_SendByte                         0x080012e8   Section        0  myi2c.o(i.MyI2C_SendByte)
    i.MyI2C_Start                            0x0800131a   Section        0  myi2c.o(i.MyI2C_Start)
    i.MyI2C_Stop                             0x08001336   Section        0  myi2c.o(i.MyI2C_Stop)
    i.MyI2C_W_SCL                            0x0800134c   Section        0  myi2c.o(i.MyI2C_W_SCL)
    i.MyI2C_W_SDA                            0x08001364   Section        0  myi2c.o(i.MyI2C_W_SDA)
    i.NMI_Handler                            0x0800137c   Section        0  stm32f10x_it.o(i.NMI_Handler)
    i.NVIC_Init                              0x08001380   Section        0  misc.o(i.NVIC_Init)
    i.NVIC_PriorityGroupConfig               0x080013f0   Section        0  misc.o(i.NVIC_PriorityGroupConfig)
    i.OLED_Clear                             0x08001404   Section        0  oled.o(i.OLED_Clear)
    i.OLED_ClearArea                         0x0800142c   Section        0  oled.o(i.OLED_ClearArea)
    i.OLED_GPIO_Init                         0x080014d4   Section        0  oled.o(i.OLED_GPIO_Init)
    i.OLED_I2C_SendByte                      0x08001534   Section        0  oled.o(i.OLED_I2C_SendByte)
    i.OLED_I2C_Start                         0x08001572   Section        0  oled.o(i.OLED_I2C_Start)
    i.OLED_I2C_Stop                          0x0800158e   Section        0  oled.o(i.OLED_I2C_Stop)
    i.OLED_Init                              0x080015a4   Section        0  oled.o(i.OLED_Init)
    i.OLED_Pow                               0x08001636   Section        0  oled.o(i.OLED_Pow)
    i.OLED_SetCursor                         0x0800164a   Section        0  oled.o(i.OLED_SetCursor)
    i.OLED_ShowChar                          0x0800166c   Section        0  oled.o(i.OLED_ShowChar)
    i.OLED_ShowFloatNum                      0x080016c0   Section        0  oled.o(i.OLED_ShowFloatNum)
    i.OLED_ShowImage                         0x08001794   Section        0  oled.o(i.OLED_ShowImage)
    i.OLED_ShowNum                           0x080018c0   Section        0  oled.o(i.OLED_ShowNum)
    i.OLED_ShowString                        0x0800190c   Section        0  oled.o(i.OLED_ShowString)
    i.OLED_Update                            0x0800193c   Section        0  oled.o(i.OLED_Update)
    i.OLED_W_SCL                             0x08001964   Section        0  oled.o(i.OLED_W_SCL)
    i.OLED_W_SDA                             0x0800197c   Section        0  oled.o(i.OLED_W_SDA)
    i.OLED_WriteCommand                      0x08001994   Section        0  oled.o(i.OLED_WriteCommand)
    i.OLED_WriteData                         0x080019b4   Section        0  oled.o(i.OLED_WriteData)
    i.PWM_Init                               0x080019e4   Section        0  pwm.o(i.PWM_Init)
    i.PendSV_Handler                         0x08001a94   Section        0  stm32f10x_it.o(i.PendSV_Handler)
    i.RCC_APB1PeriphClockCmd                 0x08001a98   Section        0  stm32f10x_rcc.o(i.RCC_APB1PeriphClockCmd)
    i.RCC_APB2PeriphClockCmd                 0x08001ab8   Section        0  stm32f10x_rcc.o(i.RCC_APB2PeriphClockCmd)
    i.SVC_Handler                            0x08001ad8   Section        0  stm32f10x_it.o(i.SVC_Handler)
    i.SetSysClock                            0x08001ada   Section        0  system_stm32f10x.o(i.SetSysClock)
    SetSysClock                              0x08001adb   Thumb Code     8  system_stm32f10x.o(i.SetSysClock)
    i.SetSysClockTo72                        0x08001ae4   Section        0  system_stm32f10x.o(i.SetSysClockTo72)
    SetSysClockTo72                          0x08001ae5   Thumb Code   214  system_stm32f10x.o(i.SetSysClockTo72)
    i.SysTick_Handler                        0x08001bc4   Section        0  stm32f10x_it.o(i.SysTick_Handler)
    i.SystemInit                             0x08001bc8   Section        0  system_stm32f10x.o(i.SystemInit)
    i.TI1_Config                             0x08001c28   Section        0  stm32f10x_tim.o(i.TI1_Config)
    TI1_Config                               0x08001c29   Thumb Code   108  stm32f10x_tim.o(i.TI1_Config)
    i.TI2_Config                             0x08001ca8   Section        0  stm32f10x_tim.o(i.TI2_Config)
    TI2_Config                               0x08001ca9   Thumb Code   130  stm32f10x_tim.o(i.TI2_Config)
    i.TI3_Config                             0x08001d40   Section        0  stm32f10x_tim.o(i.TI3_Config)
    TI3_Config                               0x08001d41   Thumb Code   122  stm32f10x_tim.o(i.TI3_Config)
    i.TI4_Config                             0x08001dd0   Section        0  stm32f10x_tim.o(i.TI4_Config)
    TI4_Config                               0x08001dd1   Thumb Code   130  stm32f10x_tim.o(i.TI4_Config)
    i.TIM1_UP_IRQHandler                     0x08001e68   Section        0  main.o(i.TIM1_UP_IRQHandler)
    i.TIM_ClearFlag                          0x08001ee8   Section        0  stm32f10x_tim.o(i.TIM_ClearFlag)
    i.TIM_ClearITPendingBit                  0x08001eee   Section        0  stm32f10x_tim.o(i.TIM_ClearITPendingBit)
    i.TIM_Cmd                                0x08001ef4   Section        0  stm32f10x_tim.o(i.TIM_Cmd)
    i.TIM_EncoderInterfaceConfig             0x08001f0c   Section        0  stm32f10x_tim.o(i.TIM_EncoderInterfaceConfig)
    i.TIM_GetITStatus                        0x08001f4e   Section        0  stm32f10x_tim.o(i.TIM_GetITStatus)
    i.TIM_ICInit                             0x08001f70   Section        0  stm32f10x_tim.o(i.TIM_ICInit)
    i.TIM_ICStructInit                       0x0800201c   Section        0  stm32f10x_tim.o(i.TIM_ICStructInit)
    i.TIM_ITConfig                           0x0800202e   Section        0  stm32f10x_tim.o(i.TIM_ITConfig)
    i.TIM_InternalClockConfig                0x08002040   Section        0  stm32f10x_tim.o(i.TIM_InternalClockConfig)
    i.TIM_OC3Init                            0x0800204c   Section        0  stm32f10x_tim.o(i.TIM_OC3Init)
    i.TIM_OC4Init                            0x080020ec   Section        0  stm32f10x_tim.o(i.TIM_OC4Init)
    i.TIM_OCStructInit                       0x08002168   Section        0  stm32f10x_tim.o(i.TIM_OCStructInit)
    i.TIM_SetIC1Prescaler                    0x0800217c   Section        0  stm32f10x_tim.o(i.TIM_SetIC1Prescaler)
    i.TIM_SetIC2Prescaler                    0x0800218e   Section        0  stm32f10x_tim.o(i.TIM_SetIC2Prescaler)
    i.TIM_SetIC3Prescaler                    0x080021a8   Section        0  stm32f10x_tim.o(i.TIM_SetIC3Prescaler)
    i.TIM_SetIC4Prescaler                    0x080021ba   Section        0  stm32f10x_tim.o(i.TIM_SetIC4Prescaler)
    i.TIM_TimeBaseInit                       0x080021d4   Section        0  stm32f10x_tim.o(i.TIM_TimeBaseInit)
    i.Timer_Init                             0x08002278   Section        0  timer.o(i.Timer_Init)
    i.UsageFault_Handler                     0x080022f4   Section        0  stm32f10x_it.o(i.UsageFault_Handler)
    i.__ARM_fpclassifyf                      0x080022f8   Section        0  fpclassifyf.o(i.__ARM_fpclassifyf)
    i.__mathlib_flt_infnan2                  0x0800231e   Section        0  funder.o(i.__mathlib_flt_infnan2)
    i.__mathlib_flt_underflow                0x08002322   Section        0  funder.o(i.__mathlib_flt_underflow)
    i.atan2f                                 0x0800232c   Section        0  atan2f.o(i.atan2f)
    i.fast_sqrt                              0x08002588   Section        0  imu.o(i.fast_sqrt)
    i.gyro_offset_get                        0x080025d4   Section        0  imu.o(i.gyro_offset_get)
    i.imu_get_angle                          0x0800278c   Section        0  imu.o(i.imu_get_angle)
    i.main                                   0x08002794   Section        0  main.o(i.main)
    i.menu_MAIN                              0x08002860   Section        0  menu.o(i.menu_MAIN)
    i.menu_TASK1                             0x0800299c   Section        0  menu.o(i.menu_TASK1)
    i.menu_TASK2                             0x08002d38   Section        0  menu.o(i.menu_TASK2)
    i.menu_TASK3                             0x080030d4   Section        0  menu.o(i.menu_TASK3)
    i.mpu6050_acc_transition                 0x08003474   Section        0  imu.o(i.mpu6050_acc_transition)
    i.mpu6050_gyro_transition                0x080034e4   Section        0  imu.o(i.mpu6050_gyro_transition)
    x$fpl$d2f                                0x0800355c   Section       98  d2f.o(x$fpl$d2f)
    x$fpl$dadd                               0x080035c0   Section      336  daddsub_clz.o(x$fpl$dadd)
    _dadd1                                   0x080035d1   Thumb Code     0  daddsub_clz.o(x$fpl$dadd)
    x$fpl$dcmpinf                            0x08003710   Section       24  dcmpi.o(x$fpl$dcmpinf)
    x$fpl$ddiv                               0x08003728   Section      688  ddiv.o(x$fpl$ddiv)
    ddiv_entry                               0x0800372f   Thumb Code     0  ddiv.o(x$fpl$ddiv)
    x$fpl$dfixu                              0x080039d8   Section       90  dfixu.o(x$fpl$dfixu)
    x$fpl$dfltu                              0x08003a32   Section       38  dflt_clz.o(x$fpl$dfltu)
    x$fpl$dleqf                              0x08003a58   Section      120  dleqf.o(x$fpl$dleqf)
    x$fpl$dmul                               0x08003ad0   Section      340  dmul.o(x$fpl$dmul)
    x$fpl$dnaninf                            0x08003c24   Section      156  dnaninf.o(x$fpl$dnaninf)
    x$fpl$dretinf                            0x08003cc0   Section       12  dretinf.o(x$fpl$dretinf)
    x$fpl$drleqf                             0x08003ccc   Section      108  drleqf.o(x$fpl$drleqf)
    x$fpl$drsb                               0x08003d38   Section       22  daddsub_clz.o(x$fpl$drsb)
    x$fpl$dsub                               0x08003d50   Section      468  daddsub_clz.o(x$fpl$dsub)
    _dsub1                                   0x08003d61   Thumb Code     0  daddsub_clz.o(x$fpl$dsub)
    x$fpl$f2d                                0x08003f24   Section       86  f2d.o(x$fpl$f2d)
    x$fpl$fadd                               0x08003f7c   Section      196  faddsub_clz.o(x$fpl$fadd)
    _fadd1                                   0x08003f8b   Thumb Code     0  faddsub_clz.o(x$fpl$fadd)
    x$fpl$fcheck1                            0x08004040   Section       12  fcheck1.o(x$fpl$fcheck1)
    x$fpl$fcmpinf                            0x0800404c   Section       24  fcmpi.o(x$fpl$fcmpinf)
    x$fpl$fdiv                               0x08004064   Section      388  fdiv.o(x$fpl$fdiv)
    _fdiv1                                   0x08004065   Thumb Code     0  fdiv.o(x$fpl$fdiv)
    x$fpl$ffix                               0x080041e8   Section       54  ffix.o(x$fpl$ffix)
    x$fpl$fflt                               0x08004220   Section       48  fflt_clz.o(x$fpl$fflt)
    x$fpl$fleqf                              0x08004250   Section      104  fleqf.o(x$fpl$fleqf)
    x$fpl$fmul                               0x080042b8   Section      258  fmul.o(x$fpl$fmul)
    x$fpl$fnaninf                            0x080043ba   Section      140  fnaninf.o(x$fpl$fnaninf)
    x$fpl$fretinf                            0x08004446   Section       10  fretinf.o(x$fpl$fretinf)
    x$fpl$frleqf                             0x08004450   Section       98  frleqf.o(x$fpl$frleqf)
    x$fpl$frsb                               0x080044b2   Section       20  faddsub_clz.o(x$fpl$frsb)
    x$fpl$fsub                               0x080044c8   Section      234  faddsub_clz.o(x$fpl$fsub)
    _fsub1                                   0x080044d7   Thumb Code     0  faddsub_clz.o(x$fpl$fsub)
    x$fpl$retnan                             0x080045b2   Section      100  retnan.o(x$fpl$retnan)
    x$fpl$scalbnf                            0x08004616   Section       76  scalbnf.o(x$fpl$scalbnf)
    x$fpl$trapveneer                         0x08004662   Section       48  trapv.o(x$fpl$trapveneer)
    .constdata                               0x08004692   Section     2374  oled_data.o(.constdata)
    x$fpl$usenofp                            0x08004692   Section        0  usenofp.o(x$fpl$usenofp)
    .data                                    0x20000000   Section       16  menu.o(.data)
    .data                                    0x20000010   Section      122  imu.o(.data)
    q_3dof                                   0x2000003c   Data          16  imu.o(.data)
    I_ex                                     0x2000004c   Data           4  imu.o(.data)
    I_ey                                     0x20000050   Data           4  imu.o(.data)
    I_ez                                     0x20000054   Data           4  imu.o(.data)
    vx                                       0x20000058   Data           4  imu.o(.data)
    vy                                       0x2000005c   Data           4  imu.o(.data)
    vz                                       0x20000060   Data           4  imu.o(.data)
    gyro_x_offset_sum                        0x2000006c   Data           4  imu.o(.data)
    gyro_y_offset_sum                        0x20000070   Data           4  imu.o(.data)
    gyro_z_offset_sum                        0x20000074   Data           4  imu.o(.data)
    gyro_offset_count                        0x20000078   Data           2  imu.o(.data)
    gyro_static_check_count                  0x2000007a   Data           2  imu.o(.data)
    gyro_offset_collecting                   0x2000007c   Data           1  imu.o(.data)
    last_raw_yaw                             0x20000080   Data           4  imu.o(.data)
    accumulated_yaw_drift                    0x20000084   Data           4  imu.o(.data)
    yaw_first_run                            0x20000088   Data           1  imu.o(.data)
    .data                                    0x2000008a   Section       26  key.o(.data)
    Count                                    0x2000008e   Data           1  key.o(.data)
    i                                        0x2000008f   Data           1  key.o(.data)
    CurrState                                0x20000090   Data           4  key.o(.data)
    PrevState                                0x20000094   Data           4  key.o(.data)
    S                                        0x20000098   Data           4  key.o(.data)
    Time                                     0x2000009c   Data           8  key.o(.data)
    .data                                    0x200000a4   Section       17  main.o(.data)
    imu_tick                                 0x200000b4   Data           1  main.o(.data)
    .bss                                     0x200000b8   Section      132  menu.o(.bss)
    .bss                                     0x2000013c   Section       48  imu.o(.bss)
    .bss                                     0x2000016c   Section     1024  oled.o(.bss)
    .bss                                     0x2000056c   Section       96  libspace.o(.bss)
    HEAP                                     0x200005d0   Section      512  startup_stm32f10x_md.o(HEAP)
    Heap_Mem                                 0x200005d0   Data         512  startup_stm32f10x_md.o(HEAP)
    STACK                                    0x200007d0   Section     1024  startup_stm32f10x_md.o(STACK)
    Stack_Mem                                0x200007d0   Data        1024  startup_stm32f10x_md.o(STACK)
    __initial_sp                             0x20000bd0   Data           0  startup_stm32f10x_md.o(STACK)

    Global Symbols

    Symbol Name                              Value     Ov Type        Size  Object(Section)

    BuildAttributes$$THM_ISAv4$P$D$K$B$S$PE$A:L22UL41UL21$X:L11$S22US41US21$IEEE1$IW$USESV6$~STKCKD$USESV7$~SHL$OTIME$ROPI$IEEEX$EBA8$UX$STANDARDLIB$REQ8$PRES8$EABIv2 0x00000000   Number         0  anon$$obj.o ABSOLUTE
    __ARM_use_no_argv                        0x00000000   Number         0  main.o ABSOLUTE
    _printf_flags                            0x00000000   Number         0  printf_stubs.o ABSOLUTE
    _printf_return_value                     0x00000000   Number         0  printf_stubs.o ABSOLUTE
    _printf_sizespec                         0x00000000   Number         0  printf_stubs.o ABSOLUTE
    _printf_widthprec                        0x00000000   Number         0  printf_stubs.o ABSOLUTE
    __ARM_exceptions_init                     - Undefined Weak Reference
    __alloca_initialize                       - Undefined Weak Reference
    __arm_preinit_                            - Undefined Weak Reference
    __cpp_initialize__aeabi_                  - Undefined Weak Reference
    __cxa_finalize                            - Undefined Weak Reference
    __sigvec_lookup                           - Undefined Weak Reference
    _atexit_init                              - Undefined Weak Reference
    _call_atexit_fns                          - Undefined Weak Reference
    _clock_init                               - Undefined Weak Reference
    _fp_trap_init                             - Undefined Weak Reference
    _fp_trap_shutdown                         - Undefined Weak Reference
    _get_lc_collate                           - Undefined Weak Reference
    _get_lc_monetary                          - Undefined Weak Reference
    _get_lc_time                              - Undefined Weak Reference
    _getenv_init                              - Undefined Weak Reference
    _handle_redirection                       - Undefined Weak Reference
    _init_alloc                               - Undefined Weak Reference
    _init_user_alloc                          - Undefined Weak Reference
    _initio                                   - Undefined Weak Reference
    _printf_mbtowc                            - Undefined Weak Reference
    _printf_wc                                - Undefined Weak Reference
    _rand_init                                - Undefined Weak Reference
    _signal_finish                            - Undefined Weak Reference
    _signal_init                              - Undefined Weak Reference
    _terminate_alloc                          - Undefined Weak Reference
    _terminate_user_alloc                     - Undefined Weak Reference
    _terminateio                              - Undefined Weak Reference
    __Vectors_Size                           0x000000ec   Number         0  startup_stm32f10x_md.o ABSOLUTE
    __Vectors                                0x08000000   Data           4  startup_stm32f10x_md.o(RESET)
    __Vectors_End                            0x080000ec   Data           0  startup_stm32f10x_md.o(RESET)
    __main                                   0x080000ed   Thumb Code     8  __main.o(!!!main)
    __scatterload                            0x080000f5   Thumb Code     0  __scatter.o(!!!scatter)
    __scatterload_rt2                        0x080000f5   Thumb Code    44  __scatter.o(!!!scatter)
    __scatterload_rt2_thumb_only             0x080000f5   Thumb Code     0  __scatter.o(!!!scatter)
    __scatterload_null                       0x08000103   Thumb Code     0  __scatter.o(!!!scatter)
    __scatterload_copy                       0x08000129   Thumb Code    26  __scatter_copy.o(!!handler_copy)
    __scatterload_zeroinit                   0x08000145   Thumb Code    28  __scatter_zi.o(!!handler_zi)
    __rt_lib_init                            0x08000161   Thumb Code     0  libinit.o(.ARM.Collect$$libinit$$00000000)
    __rt_lib_init_alloca_1                   0x08000163   Thumb Code     0  libinit2.o(.ARM.Collect$$libinit$$0000002E)
    __rt_lib_init_argv_1                     0x08000163   Thumb Code     0  libinit2.o(.ARM.Collect$$libinit$$0000002C)
    __rt_lib_init_atexit_1                   0x08000163   Thumb Code     0  libinit2.o(.ARM.Collect$$libinit$$0000001B)
    __rt_lib_init_clock_1                    0x08000163   Thumb Code     0  libinit2.o(.ARM.Collect$$libinit$$00000021)
    __rt_lib_init_cpp_1                      0x08000163   Thumb Code     0  libinit2.o(.ARM.Collect$$libinit$$00000032)
    __rt_lib_init_exceptions_1               0x08000163   Thumb Code     0  libinit2.o(.ARM.Collect$$libinit$$00000030)
    __rt_lib_init_fp_1                       0x08000163   Thumb Code     0  libinit2.o(.ARM.Collect$$libinit$$00000002)
    __rt_lib_init_fp_trap_1                  0x08000163   Thumb Code     0  libinit2.o(.ARM.Collect$$libinit$$0000001F)
    __rt_lib_init_getenv_1                   0x08000163   Thumb Code     0  libinit2.o(.ARM.Collect$$libinit$$00000023)
    __rt_lib_init_heap_1                     0x08000163   Thumb Code     0  libinit2.o(.ARM.Collect$$libinit$$0000000A)
    __rt_lib_init_lc_collate_1               0x08000163   Thumb Code     0  libinit2.o(.ARM.Collect$$libinit$$00000011)
    __rt_lib_init_lc_ctype_1                 0x08000163   Thumb Code     0  libinit2.o(.ARM.Collect$$libinit$$00000013)
    __rt_lib_init_lc_monetary_1              0x08000163   Thumb Code     0  libinit2.o(.ARM.Collect$$libinit$$00000015)
    __rt_lib_init_lc_numeric_1               0x08000163   Thumb Code     0  libinit2.o(.ARM.Collect$$libinit$$00000017)
    __rt_lib_init_lc_time_1                  0x08000163   Thumb Code     0  libinit2.o(.ARM.Collect$$libinit$$00000019)
    __rt_lib_init_preinit_1                  0x08000163   Thumb Code     0  libinit2.o(.ARM.Collect$$libinit$$00000004)
    __rt_lib_init_rand_1                     0x08000163   Thumb Code     0  libinit2.o(.ARM.Collect$$libinit$$0000000E)
    __rt_lib_init_return                     0x08000163   Thumb Code     0  libinit2.o(.ARM.Collect$$libinit$$00000033)
    __rt_lib_init_signal_1                   0x08000163   Thumb Code     0  libinit2.o(.ARM.Collect$$libinit$$0000001D)
    __rt_lib_init_stdio_1                    0x08000163   Thumb Code     0  libinit2.o(.ARM.Collect$$libinit$$00000025)
    __rt_lib_init_user_alloc_1               0x08000163   Thumb Code     0  libinit2.o(.ARM.Collect$$libinit$$0000000C)
    __rt_lib_shutdown                        0x08000165   Thumb Code     0  libshutdown.o(.ARM.Collect$$libshutdown$$00000000)
    __rt_lib_shutdown_cpp_1                  0x08000167   Thumb Code     0  libshutdown2.o(.ARM.Collect$$libshutdown$$00000002)
    __rt_lib_shutdown_fp_trap_1              0x08000167   Thumb Code     0  libshutdown2.o(.ARM.Collect$$libshutdown$$00000007)
    __rt_lib_shutdown_heap_1                 0x08000167   Thumb Code     0  libshutdown2.o(.ARM.Collect$$libshutdown$$0000000F)
    __rt_lib_shutdown_return                 0x08000167   Thumb Code     0  libshutdown2.o(.ARM.Collect$$libshutdown$$00000010)
    __rt_lib_shutdown_signal_1               0x08000167   Thumb Code     0  libshutdown2.o(.ARM.Collect$$libshutdown$$0000000A)
    __rt_lib_shutdown_stdio_1                0x08000167   Thumb Code     0  libshutdown2.o(.ARM.Collect$$libshutdown$$00000004)
    __rt_lib_shutdown_user_alloc_1           0x08000167   Thumb Code     0  libshutdown2.o(.ARM.Collect$$libshutdown$$0000000C)
    __rt_entry                               0x08000169   Thumb Code     0  __rtentry.o(.ARM.Collect$$rtentry$$00000000)
    __rt_entry_presh_1                       0x08000169   Thumb Code     0  __rtentry2.o(.ARM.Collect$$rtentry$$00000002)
    __rt_entry_sh                            0x08000169   Thumb Code     0  __rtentry4.o(.ARM.Collect$$rtentry$$00000004)
    __rt_entry_li                            0x0800016f   Thumb Code     0  __rtentry2.o(.ARM.Collect$$rtentry$$0000000A)
    __rt_entry_postsh_1                      0x0800016f   Thumb Code     0  __rtentry2.o(.ARM.Collect$$rtentry$$00000009)
    __rt_entry_main                          0x08000173   Thumb Code     0  __rtentry2.o(.ARM.Collect$$rtentry$$0000000D)
    __rt_entry_postli_1                      0x08000173   Thumb Code     0  __rtentry2.o(.ARM.Collect$$rtentry$$0000000C)
    __rt_exit                                0x0800017b   Thumb Code     0  rtexit.o(.ARM.Collect$$rtexit$$00000000)
    __rt_exit_ls                             0x0800017d   Thumb Code     0  rtexit2.o(.ARM.Collect$$rtexit$$00000003)
    __rt_exit_prels_1                        0x0800017d   Thumb Code     0  rtexit2.o(.ARM.Collect$$rtexit$$00000002)
    __rt_exit_exit                           0x08000181   Thumb Code     0  rtexit2.o(.ARM.Collect$$rtexit$$00000004)
    Reset_Handler                            0x08000189   Thumb Code     8  startup_stm32f10x_md.o(.text)
    ADC1_2_IRQHandler                        0x080001a3   Thumb Code     0  startup_stm32f10x_md.o(.text)
    CAN1_RX1_IRQHandler                      0x080001a3   Thumb Code     0  startup_stm32f10x_md.o(.text)
    CAN1_SCE_IRQHandler                      0x080001a3   Thumb Code     0  startup_stm32f10x_md.o(.text)
    DMA1_Channel1_IRQHandler                 0x080001a3   Thumb Code     0  startup_stm32f10x_md.o(.text)
    DMA1_Channel2_IRQHandler                 0x080001a3   Thumb Code     0  startup_stm32f10x_md.o(.text)
    DMA1_Channel3_IRQHandler                 0x080001a3   Thumb Code     0  startup_stm32f10x_md.o(.text)
    DMA1_Channel4_IRQHandler                 0x080001a3   Thumb Code     0  startup_stm32f10x_md.o(.text)
    DMA1_Channel5_IRQHandler                 0x080001a3   Thumb Code     0  startup_stm32f10x_md.o(.text)
    DMA1_Channel6_IRQHandler                 0x080001a3   Thumb Code     0  startup_stm32f10x_md.o(.text)
    DMA1_Channel7_IRQHandler                 0x080001a3   Thumb Code     0  startup_stm32f10x_md.o(.text)
    EXTI0_IRQHandler                         0x080001a3   Thumb Code     0  startup_stm32f10x_md.o(.text)
    EXTI15_10_IRQHandler                     0x080001a3   Thumb Code     0  startup_stm32f10x_md.o(.text)
    EXTI1_IRQHandler                         0x080001a3   Thumb Code     0  startup_stm32f10x_md.o(.text)
    EXTI2_IRQHandler                         0x080001a3   Thumb Code     0  startup_stm32f10x_md.o(.text)
    EXTI3_IRQHandler                         0x080001a3   Thumb Code     0  startup_stm32f10x_md.o(.text)
    EXTI4_IRQHandler                         0x080001a3   Thumb Code     0  startup_stm32f10x_md.o(.text)
    EXTI9_5_IRQHandler                       0x080001a3   Thumb Code     0  startup_stm32f10x_md.o(.text)
    FLASH_IRQHandler                         0x080001a3   Thumb Code     0  startup_stm32f10x_md.o(.text)
    I2C1_ER_IRQHandler                       0x080001a3   Thumb Code     0  startup_stm32f10x_md.o(.text)
    I2C1_EV_IRQHandler                       0x080001a3   Thumb Code     0  startup_stm32f10x_md.o(.text)
    I2C2_ER_IRQHandler                       0x080001a3   Thumb Code     0  startup_stm32f10x_md.o(.text)
    I2C2_EV_IRQHandler                       0x080001a3   Thumb Code     0  startup_stm32f10x_md.o(.text)
    PVD_IRQHandler                           0x080001a3   Thumb Code     0  startup_stm32f10x_md.o(.text)
    RCC_IRQHandler                           0x080001a3   Thumb Code     0  startup_stm32f10x_md.o(.text)
    RTCAlarm_IRQHandler                      0x080001a3   Thumb Code     0  startup_stm32f10x_md.o(.text)
    RTC_IRQHandler                           0x080001a3   Thumb Code     0  startup_stm32f10x_md.o(.text)
    SPI1_IRQHandler                          0x080001a3   Thumb Code     0  startup_stm32f10x_md.o(.text)
    SPI2_IRQHandler                          0x080001a3   Thumb Code     0  startup_stm32f10x_md.o(.text)
    TAMPER_IRQHandler                        0x080001a3   Thumb Code     0  startup_stm32f10x_md.o(.text)
    TIM1_BRK_IRQHandler                      0x080001a3   Thumb Code     0  startup_stm32f10x_md.o(.text)
    TIM1_CC_IRQHandler                       0x080001a3   Thumb Code     0  startup_stm32f10x_md.o(.text)
    TIM1_TRG_COM_IRQHandler                  0x080001a3   Thumb Code     0  startup_stm32f10x_md.o(.text)
    TIM2_IRQHandler                          0x080001a3   Thumb Code     0  startup_stm32f10x_md.o(.text)
    TIM3_IRQHandler                          0x080001a3   Thumb Code     0  startup_stm32f10x_md.o(.text)
    TIM4_IRQHandler                          0x080001a3   Thumb Code     0  startup_stm32f10x_md.o(.text)
    USART1_IRQHandler                        0x080001a3   Thumb Code     0  startup_stm32f10x_md.o(.text)
    USART2_IRQHandler                        0x080001a3   Thumb Code     0  startup_stm32f10x_md.o(.text)
    USART3_IRQHandler                        0x080001a3   Thumb Code     0  startup_stm32f10x_md.o(.text)
    USBWakeUp_IRQHandler                     0x080001a3   Thumb Code     0  startup_stm32f10x_md.o(.text)
    USB_HP_CAN1_TX_IRQHandler                0x080001a3   Thumb Code     0  startup_stm32f10x_md.o(.text)
    USB_LP_CAN1_RX0_IRQHandler               0x080001a3   Thumb Code     0  startup_stm32f10x_md.o(.text)
    WWDG_IRQHandler                          0x080001a3   Thumb Code     0  startup_stm32f10x_md.o(.text)
    __user_initial_stackheap                 0x080001a5   Thumb Code     0  startup_stm32f10x_md.o(.text)
    __use_two_region_memory                  0x080001c9   Thumb Code     2  heapauxi.o(.text)
    __rt_heap_escrow$2region                 0x080001cb   Thumb Code     2  heapauxi.o(.text)
    __rt_heap_expand$2region                 0x080001cd   Thumb Code     2  heapauxi.o(.text)
    __user_libspace                          0x080001d1   Thumb Code     8  libspace.o(.text)
    __user_perproc_libspace                  0x080001d1   Thumb Code     0  libspace.o(.text)
    __user_perthread_libspace                0x080001d1   Thumb Code     0  libspace.o(.text)
    __user_setup_stackheap                   0x080001d9   Thumb Code    74  sys_stackheap_outer.o(.text)
    exit                                     0x08000223   Thumb Code    18  exit.o(.text)
    _sys_exit                                0x08000235   Thumb Code     8  sys_exit.o(.text)
    __I$use$semihosting                      0x08000241   Thumb Code     0  use_no_semi.o(.text)
    __use_no_semihosting_swi                 0x08000241   Thumb Code     2  use_no_semi.o(.text)
    BusFault_Handler                         0x08000243   Thumb Code     4  stm32f10x_it.o(i.BusFault_Handler)
    __semihosting_library_function           0x08000243   Thumb Code     0  indicate_semi.o(.text)
    Buzzer_Init                              0x08000249   Thumb Code    46  buzzer.o(i.Buzzer_Init)
    DebugMon_Handler                         0x0800027d   Thumb Code     2  stm32f10x_it.o(i.DebugMon_Handler)
    Encoder1_Init                            0x08000281   Thumb Code   164  encoder.o(i.Encoder1_Init)
    Encoder2_Init                            0x0800032d   Thumb Code   164  encoder.o(i.Encoder2_Init)
    GPIO_Init                                0x080003d9   Thumb Code   278  stm32f10x_gpio.o(i.GPIO_Init)
    GPIO_ReadInputDataBit                    0x080004ef   Thumb Code    18  stm32f10x_gpio.o(i.GPIO_ReadInputDataBit)
    GPIO_SetBits                             0x08000501   Thumb Code     4  stm32f10x_gpio.o(i.GPIO_SetBits)
    GPIO_WriteBit                            0x08000505   Thumb Code    10  stm32f10x_gpio.o(i.GPIO_WriteBit)
    HardFault_Handler                        0x0800050f   Thumb Code     4  stm32f10x_it.o(i.HardFault_Handler)
    ICM_AHRSupdate                           0x08000515   Thumb Code   942  imu.o(i.ICM_AHRSupdate)
    ICM_getEulerianAngles                    0x080008ed   Thumb Code   386  imu.o(i.ICM_getEulerianAngles)
    ICM_getValues                            0x08000aa1   Thumb Code   488  imu.o(i.ICM_getValues)
    Infrared_Init                            0x08000ccd   Thumb Code    56  infrared.o(i.Infrared_Init)
    Key_Check                                0x08000d0d   Thumb Code    32  key.o(i.Key_Check)
    Key_GetState                             0x08000d31   Thumb Code    80  key.o(i.Key_GetState)
    Key_Init                                 0x08000d89   Thumb Code    72  key.o(i.Key_Init)
    Key_Tick                                 0x08000dd9   Thumb Code   660  key.o(i.Key_Tick)
    MPU6050_GetData                          0x08001089   Thumb Code   172  mpu6050.o(i.MPU6050_GetData)
    MPU6050_Init                             0x08001135   Thumb Code    56  mpu6050.o(i.MPU6050_Init)
    MPU6050_ReadReg                          0x0800116d   Thumb Code    62  mpu6050.o(i.MPU6050_ReadReg)
    MPU6050_WriteReg                         0x080011ab   Thumb Code    46  mpu6050.o(i.MPU6050_WriteReg)
    MemManage_Handler                        0x080011d9   Thumb Code     4  stm32f10x_it.o(i.MemManage_Handler)
    Motor_Init                               0x080011dd   Thumb Code    76  motor.o(i.Motor_Init)
    MyI2C_Init                               0x08001231   Thumb Code    50  myi2c.o(i.MyI2C_Init)
    MyI2C_R_SDA                              0x08001269   Thumb Code    18  myi2c.o(i.MyI2C_R_SDA)
    MyI2C_ReceiveAck                         0x08001281   Thumb Code    30  myi2c.o(i.MyI2C_ReceiveAck)
    MyI2C_ReceiveByte                        0x0800129f   Thumb Code    50  myi2c.o(i.MyI2C_ReceiveByte)
    MyI2C_SendAck                            0x080012d1   Thumb Code    24  myi2c.o(i.MyI2C_SendAck)
    MyI2C_SendByte                           0x080012e9   Thumb Code    50  myi2c.o(i.MyI2C_SendByte)
    MyI2C_Start                              0x0800131b   Thumb Code    28  myi2c.o(i.MyI2C_Start)
    MyI2C_Stop                               0x08001337   Thumb Code    22  myi2c.o(i.MyI2C_Stop)
    MyI2C_W_SCL                              0x0800134d   Thumb Code    18  myi2c.o(i.MyI2C_W_SCL)
    MyI2C_W_SDA                              0x08001365   Thumb Code    18  myi2c.o(i.MyI2C_W_SDA)
    NMI_Handler                              0x0800137d   Thumb Code     2  stm32f10x_it.o(i.NMI_Handler)
    NVIC_Init                                0x08001381   Thumb Code   100  misc.o(i.NVIC_Init)
    NVIC_PriorityGroupConfig                 0x080013f1   Thumb Code    10  misc.o(i.NVIC_PriorityGroupConfig)
    OLED_Clear                               0x08001405   Thumb Code    36  oled.o(i.OLED_Clear)
    OLED_ClearArea                           0x0800142d   Thumb Code   162  oled.o(i.OLED_ClearArea)
    OLED_GPIO_Init                           0x080014d5   Thumb Code    92  oled.o(i.OLED_GPIO_Init)
    OLED_I2C_SendByte                        0x08001535   Thumb Code    62  oled.o(i.OLED_I2C_SendByte)
    OLED_I2C_Start                           0x08001573   Thumb Code    28  oled.o(i.OLED_I2C_Start)
    OLED_I2C_Stop                            0x0800158f   Thumb Code    22  oled.o(i.OLED_I2C_Stop)
    OLED_Init                                0x080015a5   Thumb Code   146  oled.o(i.OLED_Init)
    OLED_Pow                                 0x08001637   Thumb Code    20  oled.o(i.OLED_Pow)
    OLED_SetCursor                           0x0800164b   Thumb Code    34  oled.o(i.OLED_SetCursor)
    OLED_ShowChar                            0x0800166d   Thumb Code    74  oled.o(i.OLED_ShowChar)
    OLED_ShowFloatNum                        0x080016c1   Thumb Code   210  oled.o(i.OLED_ShowFloatNum)
    OLED_ShowImage                           0x08001795   Thumb Code   296  oled.o(i.OLED_ShowImage)
    OLED_ShowNum                             0x080018c1   Thumb Code    76  oled.o(i.OLED_ShowNum)
    OLED_ShowString                          0x0800190d   Thumb Code    46  oled.o(i.OLED_ShowString)
    OLED_Update                              0x0800193d   Thumb Code    36  oled.o(i.OLED_Update)
    OLED_W_SCL                               0x08001965   Thumb Code    18  oled.o(i.OLED_W_SCL)
    OLED_W_SDA                               0x0800197d   Thumb Code    18  oled.o(i.OLED_W_SDA)
    OLED_WriteCommand                        0x08001995   Thumb Code    32  oled.o(i.OLED_WriteCommand)
    OLED_WriteData                           0x080019b5   Thumb Code    46  oled.o(i.OLED_WriteData)
    PWM_Init                                 0x080019e5   Thumb Code   172  pwm.o(i.PWM_Init)
    PendSV_Handler                           0x08001a95   Thumb Code     2  stm32f10x_it.o(i.PendSV_Handler)
    RCC_APB1PeriphClockCmd                   0x08001a99   Thumb Code    26  stm32f10x_rcc.o(i.RCC_APB1PeriphClockCmd)
    RCC_APB2PeriphClockCmd                   0x08001ab9   Thumb Code    26  stm32f10x_rcc.o(i.RCC_APB2PeriphClockCmd)
    SVC_Handler                              0x08001ad9   Thumb Code     2  stm32f10x_it.o(i.SVC_Handler)
    SysTick_Handler                          0x08001bc5   Thumb Code     2  stm32f10x_it.o(i.SysTick_Handler)
    SystemInit                               0x08001bc9   Thumb Code    78  system_stm32f10x.o(i.SystemInit)
    TIM1_UP_IRQHandler                       0x08001e69   Thumb Code    96  main.o(i.TIM1_UP_IRQHandler)
    TIM_ClearFlag                            0x08001ee9   Thumb Code     6  stm32f10x_tim.o(i.TIM_ClearFlag)
    TIM_ClearITPendingBit                    0x08001eef   Thumb Code     6  stm32f10x_tim.o(i.TIM_ClearITPendingBit)
    TIM_Cmd                                  0x08001ef5   Thumb Code    24  stm32f10x_tim.o(i.TIM_Cmd)
    TIM_EncoderInterfaceConfig               0x08001f0d   Thumb Code    66  stm32f10x_tim.o(i.TIM_EncoderInterfaceConfig)
    TIM_GetITStatus                          0x08001f4f   Thumb Code    34  stm32f10x_tim.o(i.TIM_GetITStatus)
    TIM_ICInit                               0x08001f71   Thumb Code   150  stm32f10x_tim.o(i.TIM_ICInit)
    TIM_ICStructInit                         0x0800201d   Thumb Code    18  stm32f10x_tim.o(i.TIM_ICStructInit)
    TIM_ITConfig                             0x0800202f   Thumb Code    18  stm32f10x_tim.o(i.TIM_ITConfig)
    TIM_InternalClockConfig                  0x08002041   Thumb Code    12  stm32f10x_tim.o(i.TIM_InternalClockConfig)
    TIM_OC3Init                              0x0800204d   Thumb Code   150  stm32f10x_tim.o(i.TIM_OC3Init)
    TIM_OC4Init                              0x080020ed   Thumb Code   114  stm32f10x_tim.o(i.TIM_OC4Init)
    TIM_OCStructInit                         0x08002169   Thumb Code    20  stm32f10x_tim.o(i.TIM_OCStructInit)
    TIM_SetIC1Prescaler                      0x0800217d   Thumb Code    18  stm32f10x_tim.o(i.TIM_SetIC1Prescaler)
    TIM_SetIC2Prescaler                      0x0800218f   Thumb Code    26  stm32f10x_tim.o(i.TIM_SetIC2Prescaler)
    TIM_SetIC3Prescaler                      0x080021a9   Thumb Code    18  stm32f10x_tim.o(i.TIM_SetIC3Prescaler)
    TIM_SetIC4Prescaler                      0x080021bb   Thumb Code    26  stm32f10x_tim.o(i.TIM_SetIC4Prescaler)
    TIM_TimeBaseInit                         0x080021d5   Thumb Code   122  stm32f10x_tim.o(i.TIM_TimeBaseInit)
    Timer_Init                               0x08002279   Thumb Code   120  timer.o(i.Timer_Init)
    UsageFault_Handler                       0x080022f5   Thumb Code     4  stm32f10x_it.o(i.UsageFault_Handler)
    __ARM_fpclassifyf                        0x080022f9   Thumb Code    38  fpclassifyf.o(i.__ARM_fpclassifyf)
    __mathlib_flt_infnan2                    0x0800231f   Thumb Code     4  funder.o(i.__mathlib_flt_infnan2)
    __mathlib_flt_underflow                  0x08002323   Thumb Code    10  funder.o(i.__mathlib_flt_underflow)
    atan2f                                   0x0800232d   Thumb Code   528  atan2f.o(i.atan2f)
    fast_sqrt                                0x08002589   Thumb Code    72  imu.o(i.fast_sqrt)
    gyro_offset_get                          0x080025d5   Thumb Code   372  imu.o(i.gyro_offset_get)
    imu_get_angle                            0x0800278d   Thumb Code     8  imu.o(i.imu_get_angle)
    main                                     0x08002795   Thumb Code   186  main.o(i.main)
    menu_MAIN                                0x08002861   Thumb Code   264  menu.o(i.menu_MAIN)
    menu_TASK1                               0x0800299d   Thumb Code   862  menu.o(i.menu_TASK1)
    menu_TASK2                               0x08002d39   Thumb Code   862  menu.o(i.menu_TASK2)
    menu_TASK3                               0x080030d5   Thumb Code   862  menu.o(i.menu_TASK3)
    mpu6050_acc_transition                   0x08003475   Thumb Code   112  imu.o(i.mpu6050_acc_transition)
    mpu6050_gyro_transition                  0x080034e5   Thumb Code   104  imu.o(i.mpu6050_gyro_transition)
    __aeabi_d2f                              0x0800355d   Thumb Code     0  d2f.o(x$fpl$d2f)
    _d2f                                     0x0800355d   Thumb Code    98  d2f.o(x$fpl$d2f)
    __aeabi_dadd                             0x080035c1   Thumb Code     0  daddsub_clz.o(x$fpl$dadd)
    _dadd                                    0x080035c1   Thumb Code   332  daddsub_clz.o(x$fpl$dadd)
    __fpl_dcmp_Inf                           0x08003711   Thumb Code    24  dcmpi.o(x$fpl$dcmpinf)
    __aeabi_ddiv                             0x08003729   Thumb Code     0  ddiv.o(x$fpl$ddiv)
    _ddiv                                    0x08003729   Thumb Code   552  ddiv.o(x$fpl$ddiv)
    __aeabi_d2uiz                            0x080039d9   Thumb Code     0  dfixu.o(x$fpl$dfixu)
    _dfixu                                   0x080039d9   Thumb Code    90  dfixu.o(x$fpl$dfixu)
    __aeabi_ui2d                             0x08003a33   Thumb Code     0  dflt_clz.o(x$fpl$dfltu)
    _dfltu                                   0x08003a33   Thumb Code    38  dflt_clz.o(x$fpl$dfltu)
    __aeabi_cdcmple                          0x08003a59   Thumb Code     0  dleqf.o(x$fpl$dleqf)
    _dcmple                                  0x08003a59   Thumb Code   120  dleqf.o(x$fpl$dleqf)
    __fpl_dcmple_InfNaN                      0x08003abb   Thumb Code     0  dleqf.o(x$fpl$dleqf)
    __aeabi_dmul                             0x08003ad1   Thumb Code     0  dmul.o(x$fpl$dmul)
    _dmul                                    0x08003ad1   Thumb Code   332  dmul.o(x$fpl$dmul)
    __fpl_dnaninf                            0x08003c25   Thumb Code   156  dnaninf.o(x$fpl$dnaninf)
    __fpl_dretinf                            0x08003cc1   Thumb Code    12  dretinf.o(x$fpl$dretinf)
    __aeabi_cdrcmple                         0x08003ccd   Thumb Code     0  drleqf.o(x$fpl$drleqf)
    _drcmple                                 0x08003ccd   Thumb Code   108  drleqf.o(x$fpl$drleqf)
    __aeabi_drsub                            0x08003d39   Thumb Code     0  daddsub_clz.o(x$fpl$drsb)
    _drsb                                    0x08003d39   Thumb Code    22  daddsub_clz.o(x$fpl$drsb)
    __aeabi_dsub                             0x08003d51   Thumb Code     0  daddsub_clz.o(x$fpl$dsub)
    _dsub                                    0x08003d51   Thumb Code   464  daddsub_clz.o(x$fpl$dsub)
    __aeabi_f2d                              0x08003f25   Thumb Code     0  f2d.o(x$fpl$f2d)
    _f2d                                     0x08003f25   Thumb Code    86  f2d.o(x$fpl$f2d)
    __aeabi_fadd                             0x08003f7d   Thumb Code     0  faddsub_clz.o(x$fpl$fadd)
    _fadd                                    0x08003f7d   Thumb Code   196  faddsub_clz.o(x$fpl$fadd)
    __fpl_fcheck_NaN1                        0x08004041   Thumb Code     6  fcheck1.o(x$fpl$fcheck1)
    __fpl_fcmp_Inf                           0x0800404d   Thumb Code    24  fcmpi.o(x$fpl$fcmpinf)
    __aeabi_fdiv                             0x08004065   Thumb Code     0  fdiv.o(x$fpl$fdiv)
    _fdiv                                    0x08004065   Thumb Code   384  fdiv.o(x$fpl$fdiv)
    __aeabi_f2iz                             0x080041e9   Thumb Code     0  ffix.o(x$fpl$ffix)
    _ffix                                    0x080041e9   Thumb Code    54  ffix.o(x$fpl$ffix)
    __aeabi_i2f                              0x08004221   Thumb Code     0  fflt_clz.o(x$fpl$fflt)
    _fflt                                    0x08004221   Thumb Code    48  fflt_clz.o(x$fpl$fflt)
    __aeabi_cfcmple                          0x08004251   Thumb Code     0  fleqf.o(x$fpl$fleqf)
    _fcmple                                  0x08004251   Thumb Code   104  fleqf.o(x$fpl$fleqf)
    __fpl_fcmple_InfNaN                      0x080042a3   Thumb Code     0  fleqf.o(x$fpl$fleqf)
    __aeabi_fmul                             0x080042b9   Thumb Code     0  fmul.o(x$fpl$fmul)
    _fmul                                    0x080042b9   Thumb Code   258  fmul.o(x$fpl$fmul)
    __fpl_fnaninf                            0x080043bb   Thumb Code   140  fnaninf.o(x$fpl$fnaninf)
    __fpl_fretinf                            0x08004447   Thumb Code    10  fretinf.o(x$fpl$fretinf)
    __aeabi_cfrcmple                         0x08004451   Thumb Code     0  frleqf.o(x$fpl$frleqf)
    _frcmple                                 0x08004451   Thumb Code    98  frleqf.o(x$fpl$frleqf)
    __aeabi_frsub                            0x080044b3   Thumb Code     0  faddsub_clz.o(x$fpl$frsb)
    _frsb                                    0x080044b3   Thumb Code    20  faddsub_clz.o(x$fpl$frsb)
    __aeabi_fsub                             0x080044c9   Thumb Code     0  faddsub_clz.o(x$fpl$fsub)
    _fsub                                    0x080044c9   Thumb Code   234  faddsub_clz.o(x$fpl$fsub)
    __fpl_return_NaN                         0x080045b3   Thumb Code   100  retnan.o(x$fpl$retnan)
    __ARM_scalbnf                            0x08004617   Thumb Code    76  scalbnf.o(x$fpl$scalbnf)
    __fpl_cmpreturn                          0x08004663   Thumb Code    48  trapv.o(x$fpl$trapveneer)
    OLED_F8x16                               0x08004692   Data        1520  oled_data.o(.constdata)
    __I$use$fp                               0x08004692   Number         0  usenofp.o(x$fpl$usenofp)
    OLED_F6x8                                0x08004c82   Data         570  oled_data.o(.constdata)
    OLED_CF16x16                             0x08004ebc   Data         252  oled_data.o(.constdata)
    Diode                                    0x08004fb8   Data          32  oled_data.o(.constdata)
    Region$$Table$$Base                      0x08004fd8   Number         0  anon$$obj.o(Region$$Table)
    Region$$Table$$Limit                     0x08004ff8   Number         0  anon$$obj.o(Region$$Table)
    MAIN                                     0x20000000   Data           4  menu.o(.data)
    TASK1                                    0x20000004   Data           4  menu.o(.data)
    TASK2                                    0x20000008   Data           4  menu.o(.data)
    TASK3                                    0x2000000c   Data           4  menu.o(.data)
    CYCLE_T                                  0x20000010   Data           4  imu.o(.data)
    Q_info                                   0x20000014   Data          16  imu.o(.data)
    gyro_drift_x                             0x20000024   Data           4  imu.o(.data)
    gyro_drift_y                             0x20000028   Data           4  imu.o(.data)
    gyro_drift_z                             0x2000002c   Data           4  imu.o(.data)
    param_Kp                                 0x20000030   Data           4  imu.o(.data)
    param_Ki                                 0x20000034   Data           4  imu.o(.data)
    gyro_calibrate_flag                      0x20000038   Data           1  imu.o(.data)
    gyro_offset_finished                     0x20000039   Data           1  imu.o(.data)
    gyroscopeOffset                          0x20000064   Data           6  imu.o(.data)
    imu_flag                                 0x20000089   Data           1  imu.o(.data)
    Key_Flag                                 0x2000008a   Data           4  key.o(.data)
    gx                                       0x200000a4   Data           2  main.o(.data)
    gy                                       0x200000a6   Data           2  main.o(.data)
    gz                                       0x200000a8   Data           2  main.o(.data)
    ax                                       0x200000aa   Data           2  main.o(.data)
    ay                                       0x200000ac   Data           2  main.o(.data)
    az                                       0x200000ae   Data           2  main.o(.data)
    current_menu                             0x200000b0   Data           1  main.o(.data)
    Count                                    0x200000b2   Data           2  main.o(.data)
    line                                     0x200000b8   Data          44  menu.o(.bss)
    track                                    0x200000e4   Data          44  menu.o(.bss)
    turn                                     0x20000110   Data          44  menu.o(.bss)
    imu_angle                                0x2000013c   Data          12  imu.o(.bss)
    icm_data_t                               0x20000148   Data          36  imu.o(.bss)
    OLED_DisplayBuf                          0x2000016c   Data        1024  oled.o(.bss)
    __libspace_start                         0x2000056c   Data          96  libspace.o(.bss)
    __temporary_stack_top$libspace           0x200005cc   Data           0  libspace.o(.bss)



==============================================================================

Memory Map of the image

  Image Entry point : 0x080000ed

  Load Region LR_IROM1 (Base: 0x08000000, Size: 0x000050b0, Max: 0x00010000, ABSOLUTE)

    Execution Region ER_IROM1 (Exec base: 0x08000000, Load base: 0x08000000, Size: 0x00004ff8, Max: 0x00010000, ABSOLUTE)

    Exec Addr    Load Addr    Size         Type   Attr      Idx    E Section Name        Object

    0x08000000   0x08000000   0x000000ec   Data   RO            3    RESET               startup_stm32f10x_md.o
    0x080000ec   0x080000ec   0x00000008   Code   RO         4094  * !!!main             c_w.l(__main.o)
    0x080000f4   0x080000f4   0x00000034   Code   RO         4596    !!!scatter          c_w.l(__scatter.o)
    0x08000128   0x08000128   0x0000001a   Code   RO         4598    !!handler_copy      c_w.l(__scatter_copy.o)
    0x08000142   0x08000142   0x00000002   PAD
    0x08000144   0x08000144   0x0000001c   Code   RO         4600    !!handler_zi        c_w.l(__scatter_zi.o)
    0x08000160   0x08000160   0x00000002   Code   RO         4456    .ARM.Collect$$libinit$$00000000  c_w.l(libinit.o)
    0x08000162   0x08000162   0x00000000   Code   RO         4469    .ARM.Collect$$libinit$$00000002  c_w.l(libinit2.o)
    0x08000162   0x08000162   0x00000000   Code   RO         4471    .ARM.Collect$$libinit$$00000004  c_w.l(libinit2.o)
    0x08000162   0x08000162   0x00000000   Code   RO         4474    .ARM.Collect$$libinit$$0000000A  c_w.l(libinit2.o)
    0x08000162   0x08000162   0x00000000   Code   RO         4476    .ARM.Collect$$libinit$$0000000C  c_w.l(libinit2.o)
    0x08000162   0x08000162   0x00000000   Code   RO         4478    .ARM.Collect$$libinit$$0000000E  c_w.l(libinit2.o)
    0x08000162   0x08000162   0x00000000   Code   RO         4481    .ARM.Collect$$libinit$$00000011  c_w.l(libinit2.o)
    0x08000162   0x08000162   0x00000000   Code   RO         4483    .ARM.Collect$$libinit$$00000013  c_w.l(libinit2.o)
    0x08000162   0x08000162   0x00000000   Code   RO         4485    .ARM.Collect$$libinit$$00000015  c_w.l(libinit2.o)
    0x08000162   0x08000162   0x00000000   Code   RO         4487    .ARM.Collect$$libinit$$00000017  c_w.l(libinit2.o)
    0x08000162   0x08000162   0x00000000   Code   RO         4489    .ARM.Collect$$libinit$$00000019  c_w.l(libinit2.o)
    0x08000162   0x08000162   0x00000000   Code   RO         4491    .ARM.Collect$$libinit$$0000001B  c_w.l(libinit2.o)
    0x08000162   0x08000162   0x00000000   Code   RO         4493    .ARM.Collect$$libinit$$0000001D  c_w.l(libinit2.o)
    0x08000162   0x08000162   0x00000000   Code   RO         4495    .ARM.Collect$$libinit$$0000001F  c_w.l(libinit2.o)
    0x08000162   0x08000162   0x00000000   Code   RO         4497    .ARM.Collect$$libinit$$00000021  c_w.l(libinit2.o)
    0x08000162   0x08000162   0x00000000   Code   RO         4499    .ARM.Collect$$libinit$$00000023  c_w.l(libinit2.o)
    0x08000162   0x08000162   0x00000000   Code   RO         4501    .ARM.Collect$$libinit$$00000025  c_w.l(libinit2.o)
    0x08000162   0x08000162   0x00000000   Code   RO         4505    .ARM.Collect$$libinit$$0000002C  c_w.l(libinit2.o)
    0x08000162   0x08000162   0x00000000   Code   RO         4507    .ARM.Collect$$libinit$$0000002E  c_w.l(libinit2.o)
    0x08000162   0x08000162   0x00000000   Code   RO         4509    .ARM.Collect$$libinit$$00000030  c_w.l(libinit2.o)
    0x08000162   0x08000162   0x00000000   Code   RO         4511    .ARM.Collect$$libinit$$00000032  c_w.l(libinit2.o)
    0x08000162   0x08000162   0x00000002   Code   RO         4512    .ARM.Collect$$libinit$$00000033  c_w.l(libinit2.o)
    0x08000164   0x08000164   0x00000002   Code   RO         4536    .ARM.Collect$$libshutdown$$00000000  c_w.l(libshutdown.o)
    0x08000166   0x08000166   0x00000000   Code   RO         4549    .ARM.Collect$$libshutdown$$00000002  c_w.l(libshutdown2.o)
    0x08000166   0x08000166   0x00000000   Code   RO         4551    .ARM.Collect$$libshutdown$$00000004  c_w.l(libshutdown2.o)
    0x08000166   0x08000166   0x00000000   Code   RO         4554    .ARM.Collect$$libshutdown$$00000007  c_w.l(libshutdown2.o)
    0x08000166   0x08000166   0x00000000   Code   RO         4557    .ARM.Collect$$libshutdown$$0000000A  c_w.l(libshutdown2.o)
    0x08000166   0x08000166   0x00000000   Code   RO         4559    .ARM.Collect$$libshutdown$$0000000C  c_w.l(libshutdown2.o)
    0x08000166   0x08000166   0x00000000   Code   RO         4562    .ARM.Collect$$libshutdown$$0000000F  c_w.l(libshutdown2.o)
    0x08000166   0x08000166   0x00000002   Code   RO         4563    .ARM.Collect$$libshutdown$$00000010  c_w.l(libshutdown2.o)
    0x08000168   0x08000168   0x00000000   Code   RO         4198    .ARM.Collect$$rtentry$$00000000  c_w.l(__rtentry.o)
    0x08000168   0x08000168   0x00000000   Code   RO         4362    .ARM.Collect$$rtentry$$00000002  c_w.l(__rtentry2.o)
    0x08000168   0x08000168   0x00000006   Code   RO         4374    .ARM.Collect$$rtentry$$00000004  c_w.l(__rtentry4.o)
    0x0800016e   0x0800016e   0x00000000   Code   RO         4364    .ARM.Collect$$rtentry$$00000009  c_w.l(__rtentry2.o)
    0x0800016e   0x0800016e   0x00000004   Code   RO         4365    .ARM.Collect$$rtentry$$0000000A  c_w.l(__rtentry2.o)
    0x08000172   0x08000172   0x00000000   Code   RO         4367    .ARM.Collect$$rtentry$$0000000C  c_w.l(__rtentry2.o)
    0x08000172   0x08000172   0x00000008   Code   RO         4368    .ARM.Collect$$rtentry$$0000000D  c_w.l(__rtentry2.o)
    0x0800017a   0x0800017a   0x00000002   Code   RO         4463    .ARM.Collect$$rtexit$$00000000  c_w.l(rtexit.o)
    0x0800017c   0x0800017c   0x00000000   Code   RO         4516    .ARM.Collect$$rtexit$$00000002  c_w.l(rtexit2.o)
    0x0800017c   0x0800017c   0x00000004   Code   RO         4517    .ARM.Collect$$rtexit$$00000003  c_w.l(rtexit2.o)
    0x08000180   0x08000180   0x00000006   Code   RO         4518    .ARM.Collect$$rtexit$$00000004  c_w.l(rtexit2.o)
    0x08000186   0x08000186   0x00000002   PAD
    0x08000188   0x08000188   0x00000040   Code   RO            4    .text               startup_stm32f10x_md.o
    0x080001c8   0x080001c8   0x00000006   Code   RO         4092    .text               c_w.l(heapauxi.o)
    0x080001ce   0x080001ce   0x00000002   PAD
    0x080001d0   0x080001d0   0x00000008   Code   RO         4407    .text               c_w.l(libspace.o)
    0x080001d8   0x080001d8   0x0000004a   Code   RO         4410    .text               c_w.l(sys_stackheap_outer.o)
    0x08000222   0x08000222   0x00000012   Code   RO         4449    .text               c_w.l(exit.o)
    0x08000234   0x08000234   0x0000000c   Code   RO         4528    .text               c_w.l(sys_exit.o)
    0x08000240   0x08000240   0x00000002   Code   RO         4539    .text               c_w.l(use_no_semi.o)
    0x08000242   0x08000242   0x00000000   Code   RO         4541    .text               c_w.l(indicate_semi.o)
    0x08000242   0x08000242   0x00000004   Code   RO         4023    i.BusFault_Handler  stm32f10x_it.o
    0x08000246   0x08000246   0x00000002   PAD
    0x08000248   0x08000248   0x00000034   Code   RO         3870    i.Buzzer_Init       buzzer.o
    0x0800027c   0x0800027c   0x00000002   Code   RO         4024    i.DebugMon_Handler  stm32f10x_it.o
    0x0800027e   0x0800027e   0x00000002   PAD
    0x08000280   0x08000280   0x000000ac   Code   RO         3728    i.Encoder1_Init     encoder.o
    0x0800032c   0x0800032c   0x000000ac   Code   RO         3730    i.Encoder2_Init     encoder.o
    0x080003d8   0x080003d8   0x00000116   Code   RO         1347    i.GPIO_Init         stm32f10x_gpio.o
    0x080004ee   0x080004ee   0x00000012   Code   RO         1351    i.GPIO_ReadInputDataBit  stm32f10x_gpio.o
    0x08000500   0x08000500   0x00000004   Code   RO         1355    i.GPIO_SetBits      stm32f10x_gpio.o
    0x08000504   0x08000504   0x0000000a   Code   RO         1358    i.GPIO_WriteBit     stm32f10x_gpio.o
    0x0800050e   0x0800050e   0x00000004   Code   RO         4025    i.HardFault_Handler  stm32f10x_it.o
    0x08000512   0x08000512   0x00000002   PAD
    0x08000514   0x08000514   0x000003d8   Code   RO         3331    i.ICM_AHRSupdate    imu.o
    0x080008ec   0x080008ec   0x000001b4   Code   RO         3332    i.ICM_getEulerianAngles  imu.o
    0x08000aa0   0x08000aa0   0x0000022c   Code   RO         3333    i.ICM_getValues     imu.o
    0x08000ccc   0x08000ccc   0x00000040   Code   RO         3841    i.Infrared_Init     infrared.o
    0x08000d0c   0x08000d0c   0x00000024   Code   RO         3691    i.Key_Check         key.o
    0x08000d30   0x08000d30   0x00000058   Code   RO         3692    i.Key_GetState      key.o
    0x08000d88   0x08000d88   0x00000050   Code   RO         3693    i.Key_Init          key.o
    0x08000dd8   0x08000dd8   0x000002b0   Code   RO         3694    i.Key_Tick          key.o
    0x08001088   0x08001088   0x000000ac   Code   RO         3888    i.MPU6050_GetData   mpu6050.o
    0x08001134   0x08001134   0x00000038   Code   RO         3890    i.MPU6050_Init      mpu6050.o
    0x0800116c   0x0800116c   0x0000003e   Code   RO         3891    i.MPU6050_ReadReg   mpu6050.o
    0x080011aa   0x080011aa   0x0000002e   Code   RO         3892    i.MPU6050_WriteReg  mpu6050.o
    0x080011d8   0x080011d8   0x00000004   Code   RO         4026    i.MemManage_Handler  stm32f10x_it.o
    0x080011dc   0x080011dc   0x00000054   Code   RO         3789    i.Motor_Init        motor.o
    0x08001230   0x08001230   0x00000038   Code   RO         3933    i.MyI2C_Init        myi2c.o
    0x08001268   0x08001268   0x00000018   Code   RO         3934    i.MyI2C_R_SDA       myi2c.o
    0x08001280   0x08001280   0x0000001e   Code   RO         3935    i.MyI2C_ReceiveAck  myi2c.o
    0x0800129e   0x0800129e   0x00000032   Code   RO         3936    i.MyI2C_ReceiveByte  myi2c.o
    0x080012d0   0x080012d0   0x00000018   Code   RO         3937    i.MyI2C_SendAck     myi2c.o
    0x080012e8   0x080012e8   0x00000032   Code   RO         3938    i.MyI2C_SendByte    myi2c.o
    0x0800131a   0x0800131a   0x0000001c   Code   RO         3939    i.MyI2C_Start       myi2c.o
    0x08001336   0x08001336   0x00000016   Code   RO         3940    i.MyI2C_Stop        myi2c.o
    0x0800134c   0x0800134c   0x00000018   Code   RO         3941    i.MyI2C_W_SCL       myi2c.o
    0x08001364   0x08001364   0x00000018   Code   RO         3942    i.MyI2C_W_SDA       myi2c.o
    0x0800137c   0x0800137c   0x00000002   Code   RO         4027    i.NMI_Handler       stm32f10x_it.o
    0x0800137e   0x0800137e   0x00000002   PAD
    0x08001380   0x08001380   0x00000070   Code   RO          137    i.NVIC_Init         misc.o
    0x080013f0   0x080013f0   0x00000014   Code   RO          138    i.NVIC_PriorityGroupConfig  misc.o
    0x08001404   0x08001404   0x00000028   Code   RO         3427    i.OLED_Clear        oled.o
    0x0800142c   0x0800142c   0x000000a8   Code   RO         3428    i.OLED_ClearArea    oled.o
    0x080014d4   0x080014d4   0x00000060   Code   RO         3436    i.OLED_GPIO_Init    oled.o
    0x08001534   0x08001534   0x0000003e   Code   RO         3438    i.OLED_I2C_SendByte  oled.o
    0x08001572   0x08001572   0x0000001c   Code   RO         3439    i.OLED_I2C_Start    oled.o
    0x0800158e   0x0800158e   0x00000016   Code   RO         3440    i.OLED_I2C_Stop     oled.o
    0x080015a4   0x080015a4   0x00000092   Code   RO         3441    i.OLED_Init         oled.o
    0x08001636   0x08001636   0x00000014   Code   RO         3443    i.OLED_Pow          oled.o
    0x0800164a   0x0800164a   0x00000022   Code   RO         3447    i.OLED_SetCursor    oled.o
    0x0800166c   0x0800166c   0x00000054   Code   RO         3449    i.OLED_ShowChar     oled.o
    0x080016c0   0x080016c0   0x000000d2   Code   RO         3451    i.OLED_ShowFloatNum  oled.o
    0x08001792   0x08001792   0x00000002   PAD
    0x08001794   0x08001794   0x0000012c   Code   RO         3453    i.OLED_ShowImage    oled.o
    0x080018c0   0x080018c0   0x0000004c   Code   RO         3454    i.OLED_ShowNum      oled.o
    0x0800190c   0x0800190c   0x0000002e   Code   RO         3456    i.OLED_ShowString   oled.o
    0x0800193a   0x0800193a   0x00000002   PAD
    0x0800193c   0x0800193c   0x00000028   Code   RO         3457    i.OLED_Update       oled.o
    0x08001964   0x08001964   0x00000018   Code   RO         3459    i.OLED_W_SCL        oled.o
    0x0800197c   0x0800197c   0x00000018   Code   RO         3460    i.OLED_W_SDA        oled.o
    0x08001994   0x08001994   0x00000020   Code   RO         3461    i.OLED_WriteCommand  oled.o
    0x080019b4   0x080019b4   0x0000002e   Code   RO         3462    i.OLED_WriteData    oled.o
    0x080019e2   0x080019e2   0x00000002   PAD
    0x080019e4   0x080019e4   0x000000b0   Code   RO         3817    i.PWM_Init          pwm.o
    0x08001a94   0x08001a94   0x00000002   Code   RO         4028    i.PendSV_Handler    stm32f10x_it.o
    0x08001a96   0x08001a96   0x00000002   PAD
    0x08001a98   0x08001a98   0x00000020   Code   RO         1775    i.RCC_APB1PeriphClockCmd  stm32f10x_rcc.o
    0x08001ab8   0x08001ab8   0x00000020   Code   RO         1777    i.RCC_APB2PeriphClockCmd  stm32f10x_rcc.o
    0x08001ad8   0x08001ad8   0x00000002   Code   RO         4029    i.SVC_Handler       stm32f10x_it.o
    0x08001ada   0x08001ada   0x00000008   Code   RO           24    i.SetSysClock       system_stm32f10x.o
    0x08001ae2   0x08001ae2   0x00000002   PAD
    0x08001ae4   0x08001ae4   0x000000e0   Code   RO           25    i.SetSysClockTo72   system_stm32f10x.o
    0x08001bc4   0x08001bc4   0x00000002   Code   RO         4030    i.SysTick_Handler   stm32f10x_it.o
    0x08001bc6   0x08001bc6   0x00000002   PAD
    0x08001bc8   0x08001bc8   0x00000060   Code   RO           27    i.SystemInit        system_stm32f10x.o
    0x08001c28   0x08001c28   0x00000080   Code   RO         2405    i.TI1_Config        stm32f10x_tim.o
    0x08001ca8   0x08001ca8   0x00000098   Code   RO         2406    i.TI2_Config        stm32f10x_tim.o
    0x08001d40   0x08001d40   0x00000090   Code   RO         2407    i.TI3_Config        stm32f10x_tim.o
    0x08001dd0   0x08001dd0   0x00000098   Code   RO         2408    i.TI4_Config        stm32f10x_tim.o
    0x08001e68   0x08001e68   0x00000080   Code   RO         3999    i.TIM1_UP_IRQHandler  main.o
    0x08001ee8   0x08001ee8   0x00000006   Code   RO         2415    i.TIM_ClearFlag     stm32f10x_tim.o
    0x08001eee   0x08001eee   0x00000006   Code   RO         2416    i.TIM_ClearITPendingBit  stm32f10x_tim.o
    0x08001ef4   0x08001ef4   0x00000018   Code   RO         2421    i.TIM_Cmd           stm32f10x_tim.o
    0x08001f0c   0x08001f0c   0x00000042   Code   RO         2430    i.TIM_EncoderInterfaceConfig  stm32f10x_tim.o
    0x08001f4e   0x08001f4e   0x00000022   Code   RO         2442    i.TIM_GetITStatus   stm32f10x_tim.o
    0x08001f70   0x08001f70   0x000000ac   Code   RO         2444    i.TIM_ICInit        stm32f10x_tim.o
    0x0800201c   0x0800201c   0x00000012   Code   RO         2445    i.TIM_ICStructInit  stm32f10x_tim.o
    0x0800202e   0x0800202e   0x00000012   Code   RO         2446    i.TIM_ITConfig      stm32f10x_tim.o
    0x08002040   0x08002040   0x0000000c   Code   RO         2448    i.TIM_InternalClockConfig  stm32f10x_tim.o
    0x0800204c   0x0800204c   0x000000a0   Code   RO         2460    i.TIM_OC3Init       stm32f10x_tim.o
    0x080020ec   0x080020ec   0x0000007c   Code   RO         2465    i.TIM_OC4Init       stm32f10x_tim.o
    0x08002168   0x08002168   0x00000014   Code   RO         2468    i.TIM_OCStructInit  stm32f10x_tim.o
    0x0800217c   0x0800217c   0x00000012   Code   RO         2487    i.TIM_SetIC1Prescaler  stm32f10x_tim.o
    0x0800218e   0x0800218e   0x0000001a   Code   RO         2488    i.TIM_SetIC2Prescaler  stm32f10x_tim.o
    0x080021a8   0x080021a8   0x00000012   Code   RO         2489    i.TIM_SetIC3Prescaler  stm32f10x_tim.o
    0x080021ba   0x080021ba   0x0000001a   Code   RO         2490    i.TIM_SetIC4Prescaler  stm32f10x_tim.o
    0x080021d4   0x080021d4   0x000000a4   Code   RO         2492    i.TIM_TimeBaseInit  stm32f10x_tim.o
    0x08002278   0x08002278   0x0000007c   Code   RO         3220    i.Timer_Init        timer.o
    0x080022f4   0x080022f4   0x00000004   Code   RO         4031    i.UsageFault_Handler  stm32f10x_it.o
    0x080022f8   0x080022f8   0x00000026   Code   RO         4341    i.__ARM_fpclassifyf  m_ws.l(fpclassifyf.o)
    0x0800231e   0x0800231e   0x00000004   Code   RO         4345    i.__mathlib_flt_infnan2  m_ws.l(funder.o)
    0x08002322   0x08002322   0x0000000a   Code   RO         4349    i.__mathlib_flt_underflow  m_ws.l(funder.o)
    0x0800232c   0x0800232c   0x0000025c   Code   RO         4167    i.atan2f            m_ws.l(atan2f.o)
    0x08002588   0x08002588   0x0000004c   Code   RO         3335    i.fast_sqrt         imu.o
    0x080025d4   0x080025d4   0x000001b8   Code   RO         3336    i.gyro_offset_get   imu.o
    0x0800278c   0x0800278c   0x00000008   Code   RO         3337    i.imu_get_angle     imu.o
    0x08002794   0x08002794   0x000000cc   Code   RO         4000    i.main              main.o
    0x08002860   0x08002860   0x0000013c   Code   RO         3232    i.menu_MAIN         menu.o
    0x0800299c   0x0800299c   0x0000039c   Code   RO         3233    i.menu_TASK1        menu.o
    0x08002d38   0x08002d38   0x0000039c   Code   RO         3234    i.menu_TASK2        menu.o
    0x080030d4   0x080030d4   0x000003a0   Code   RO         3235    i.menu_TASK3        menu.o
    0x08003474   0x08003474   0x00000070   Code   RO         3341    i.mpu6050_acc_transition  imu.o
    0x080034e4   0x080034e4   0x00000078   Code   RO         3342    i.mpu6050_gyro_transition  imu.o
    0x0800355c   0x0800355c   0x00000062   Code   RO         4096    x$fpl$d2f           fz_ws.l(d2f.o)
    0x080035be   0x080035be   0x00000002   PAD
    0x080035c0   0x080035c0   0x00000150   Code   RO         4098    x$fpl$dadd          fz_ws.l(daddsub_clz.o)
    0x08003710   0x08003710   0x00000018   Code   RO         4292    x$fpl$dcmpinf       fz_ws.l(dcmpi.o)
    0x08003728   0x08003728   0x000002b0   Code   RO         4105    x$fpl$ddiv          fz_ws.l(ddiv.o)
    0x080039d8   0x080039d8   0x0000005a   Code   RO         4112    x$fpl$dfixu         fz_ws.l(dfixu.o)
    0x08003a32   0x08003a32   0x00000026   Code   RO         4116    x$fpl$dfltu         fz_ws.l(dflt_clz.o)
    0x08003a58   0x08003a58   0x00000078   Code   RO         4122    x$fpl$dleqf         fz_ws.l(dleqf.o)
    0x08003ad0   0x08003ad0   0x00000154   Code   RO         4124    x$fpl$dmul          fz_ws.l(dmul.o)
    0x08003c24   0x08003c24   0x0000009c   Code   RO         4294    x$fpl$dnaninf       fz_ws.l(dnaninf.o)
    0x08003cc0   0x08003cc0   0x0000000c   Code   RO         4296    x$fpl$dretinf       fz_ws.l(dretinf.o)
    0x08003ccc   0x08003ccc   0x0000006c   Code   RO         4126    x$fpl$drleqf        fz_ws.l(drleqf.o)
    0x08003d38   0x08003d38   0x00000016   Code   RO         4099    x$fpl$drsb          fz_ws.l(daddsub_clz.o)
    0x08003d4e   0x08003d4e   0x00000002   PAD
    0x08003d50   0x08003d50   0x000001d4   Code   RO         4100    x$fpl$dsub          fz_ws.l(daddsub_clz.o)
    0x08003f24   0x08003f24   0x00000056   Code   RO         4128    x$fpl$f2d           fz_ws.l(f2d.o)
    0x08003f7a   0x08003f7a   0x00000002   PAD
    0x08003f7c   0x08003f7c   0x000000c4   Code   RO         4130    x$fpl$fadd          fz_ws.l(faddsub_clz.o)
    0x08004040   0x08004040   0x0000000c   Code   RO         4459    x$fpl$fcheck1       fz_ws.l(fcheck1.o)
    0x0800404c   0x0800404c   0x00000018   Code   RO         4298    x$fpl$fcmpinf       fz_ws.l(fcmpi.o)
    0x08004064   0x08004064   0x00000184   Code   RO         4137    x$fpl$fdiv          fz_ws.l(fdiv.o)
    0x080041e8   0x080041e8   0x00000036   Code   RO         4142    x$fpl$ffix          fz_ws.l(ffix.o)
    0x0800421e   0x0800421e   0x00000002   PAD
    0x08004220   0x08004220   0x00000030   Code   RO         4147    x$fpl$fflt          fz_ws.l(fflt_clz.o)
    0x08004250   0x08004250   0x00000068   Code   RO         4152    x$fpl$fleqf         fz_ws.l(fleqf.o)
    0x080042b8   0x080042b8   0x00000102   Code   RO         4154    x$fpl$fmul          fz_ws.l(fmul.o)
    0x080043ba   0x080043ba   0x0000008c   Code   RO         4300    x$fpl$fnaninf       fz_ws.l(fnaninf.o)
    0x08004446   0x08004446   0x0000000a   Code   RO         4302    x$fpl$fretinf       fz_ws.l(fretinf.o)
    0x08004450   0x08004450   0x00000062   Code   RO         4156    x$fpl$frleqf        fz_ws.l(frleqf.o)
    0x080044b2   0x080044b2   0x00000014   Code   RO         4131    x$fpl$frsb          fz_ws.l(faddsub_clz.o)
    0x080044c6   0x080044c6   0x00000002   PAD
    0x080044c8   0x080044c8   0x000000ea   Code   RO         4132    x$fpl$fsub          fz_ws.l(faddsub_clz.o)
    0x080045b2   0x080045b2   0x00000064   Code   RO         4513    x$fpl$retnan        fz_ws.l(retnan.o)
    0x08004616   0x08004616   0x0000004c   Code   RO         4401    x$fpl$scalbnf       fz_ws.l(scalbnf.o)
    0x08004662   0x08004662   0x00000030   Code   RO         4526    x$fpl$trapveneer    fz_ws.l(trapv.o)
    0x08004692   0x08004692   0x00000000   Code   RO         4316    x$fpl$usenofp       fz_ws.l(usenofp.o)
    0x08004692   0x08004692   0x00000946   Data   RO         3679    .constdata          oled_data.o
    0x08004fd8   0x08004fd8   0x00000020   Data   RO         4594    Region$$Table       anon$$obj.o


    Execution Region RW_IRAM1 (Exec base: 0x20000000, Load base: 0x08004ff8, Size: 0x00000bd0, Max: 0x00005000, ABSOLUTE)

    Exec Addr    Load Addr    Size         Type   Attr      Idx    E Section Name        Object

    0x20000000   0x08004ff8   0x00000010   Data   RW         3237    .data               menu.o
    0x20000010   0x08005008   0x0000007a   Data   RW         3344    .data               imu.o
    0x2000008a   0x08005082   0x0000001a   Data   RW         3695    .data               key.o
    0x200000a4   0x0800509c   0x00000011   Data   RW         4001    .data               main.o
    0x200000b5   0x080050ad   0x00000003   PAD
    0x200000b8        -       0x00000084   Zero   RW         3236    .bss                menu.o
    0x2000013c        -       0x00000030   Zero   RW         3343    .bss                imu.o
    0x2000016c        -       0x00000400   Zero   RW         3464    .bss                oled.o
    0x2000056c        -       0x00000060   Zero   RW         4408    .bss                c_w.l(libspace.o)
    0x200005cc   0x080050ad   0x00000004   PAD
    0x200005d0        -       0x00000200   Zero   RW            2    HEAP                startup_stm32f10x_md.o
    0x200007d0        -       0x00000400   Zero   RW            1    STACK               startup_stm32f10x_md.o


==============================================================================

Image component sizes


      Code (inc. data)   RO Data    RW Data    ZI Data      Debug   Object Name

        52          6          0          0          0        466   buzzer.o
         0          0          0          0          0       4508   core_cm3.o
       344         16          0          0          0       1268   encoder.o
      2732        248          0        122         48       7555   imu.o
        64          8          0          0          0        476   infrared.o
       892         48          0         26          0       3008   key.o
       332         50          0         17          0       1631   main.o
      3092        242          0         16        132       4044   menu.o
       132         22          0          0          0     204695   misc.o
        84          8          0          0          0        489   motor.o
       336          0          0          0          0       2706   mpu6050.o
       332         24          0          0          0       4726   myi2c.o
      1498         44          0          0       1024      11465   oled.o
         0          0       2374          0          0       1054   oled_data.o
       176          4          0          0          0        619   pwm.o
        64         26        236          0       1536        804   startup_stm32f10x_md.o
         0          0          0          0          0       1648   stm32f10x_adc.o
       310          0          0          0          0      11767   stm32f10x_gpio.o
        26          0          0          0          0       3638   stm32f10x_it.o
        64         12          0          0          0       1050   stm32f10x_rcc.o
      1488        170          0          0          0      33088   stm32f10x_tim.o
       328         28          0          0          0      30417   system_stm32f10x.o
       124          4          0          0          0        533   timer.o

    ----------------------------------------------------------------------
     12490        960       2642        184       2740     331655   Object Totals
         0          0         32          0          0          0   (incl. Generated)
        20          0          0          3          0          0   (incl. Padding)

    ----------------------------------------------------------------------

      Code (inc. data)   RO Data    RW Data    ZI Data      Debug   Library Member Name

         8          0          0          0          0         68   __main.o
         0          0          0          0          0          0   __rtentry.o
        12          0          0          0          0          0   __rtentry2.o
         6          0          0          0          0          0   __rtentry4.o
        52          8          0          0          0          0   __scatter.o
        26          0          0          0          0          0   __scatter_copy.o
        28          0          0          0          0          0   __scatter_zi.o
        18          0          0          0          0         80   exit.o
         6          0          0          0          0        152   heapauxi.o
         0          0          0          0          0          0   indicate_semi.o
         2          0          0          0          0          0   libinit.o
         2          0          0          0          0          0   libinit2.o
         2          0          0          0          0          0   libshutdown.o
         2          0          0          0          0          0   libshutdown2.o
         8          4          0          0         96         68   libspace.o
         2          0          0          0          0          0   rtexit.o
        10          0          0          0          0          0   rtexit2.o
        12          4          0          0          0         68   sys_exit.o
        74          0          0          0          0         80   sys_stackheap_outer.o
         2          0          0          0          0         68   use_no_semi.o
        98          4          0          0          0         92   d2f.o
       826         16          0          0          0        348   daddsub_clz.o
        24          0          0          0          0         68   dcmpi.o
       688        140          0          0          0        208   ddiv.o
        90          4          0          0          0         92   dfixu.o
        38          0          0          0          0         68   dflt_clz.o
       120          4          0          0          0         92   dleqf.o
       340         12          0          0          0        104   dmul.o
       156          4          0          0          0         92   dnaninf.o
        12          0          0          0          0         68   dretinf.o
       108          0          0          0          0         80   drleqf.o
        86          4          0          0          0         84   f2d.o
       450          8          0          0          0        236   faddsub_clz.o
        12          4          0          0          0         68   fcheck1.o
        24          0          0          0          0         68   fcmpi.o
       388         76          0          0          0         96   fdiv.o
        54          4          0          0          0         84   ffix.o
        48          0          0          0          0         68   fflt_clz.o
       104          4          0          0          0         84   fleqf.o
       258          4          0          0          0         84   fmul.o
       140          4          0          0          0         84   fnaninf.o
        10          0          0          0          0         68   fretinf.o
        98          0          0          0          0         68   frleqf.o
       100          0          0          0          0         68   retnan.o
        76          0          0          0          0         68   scalbnf.o
        48          0          0          0          0         68   trapv.o
         0          0          0          0          0          0   usenofp.o
       604         76          0          0          0        116   atan2f.o
        38          0          0          0          0         68   fpclassifyf.o
        14          0          0          0          0        136   funder.o

    ----------------------------------------------------------------------
      5340        384          0          0        100       3512   Library Totals
        16          0          0          0          4          0   (incl. Padding)

    ----------------------------------------------------------------------

      Code (inc. data)   RO Data    RW Data    ZI Data      Debug   Library Name

       272         16          0          0         96        584   c_w.l
      4396        292          0          0          0       2608   fz_ws.l
       656         76          0          0          0        320   m_ws.l

    ----------------------------------------------------------------------
      5340        384          0          0        100       3512   Library Totals

    ----------------------------------------------------------------------

==============================================================================


      Code (inc. data)   RO Data    RW Data    ZI Data      Debug   

     17830       1344       2642        184       2840     328299   Grand Totals
     17830       1344       2642        184       2840     328299   ELF Image Totals
     17830       1344       2642        184          0          0   ROM Totals

==============================================================================

    Total RO  Size (Code + RO Data)                20472 (  19.99kB)
    Total RW  Size (RW Data + ZI Data)              3024 (   2.95kB)
    Total ROM Size (Code + RO Data + RW Data)      20656 (  20.17kB)

==============================================================================

